Archive member included to satisfy reference by file (symbol)

c:/nxp/mcuxpressoide_11.1.0_3209/ide/plugins/com.nxp.mcuxpresso.tools.win32_11.1.0.201909161352/tools/bin/../lib/gcc/arm-none-eabi/8.3.1/thumb/v6-m/nofp\libgcc.a(_udivsi3.o)
                              ./drivers/fsl_clock.o (__aeabi_uidiv)
c:/nxp/mcuxpressoide_11.1.0_3209/ide/plugins/com.nxp.mcuxpresso.tools.win32_11.1.0.201909161352/tools/bin/../lib/gcc/arm-none-eabi/8.3.1/thumb/v6-m/nofp\libgcc.a(_divsi3.o)
                              ./source/TM1637Display.o (__aeabi_idiv)
c:/nxp/mcuxpressoide_11.1.0_3209/ide/plugins/com.nxp.mcuxpresso.tools.win32_11.1.0.201909161352/tools/bin/../lib/gcc/arm-none-eabi/8.3.1/thumb/v6-m/nofp\libgcc.a(_dvmd_tls.o)
                              c:/nxp/mcuxpressoide_11.1.0_3209/ide/plugins/com.nxp.mcuxpresso.tools.win32_11.1.0.201909161352/tools/bin/../lib/gcc/arm-none-eabi/8.3.1/thumb/v6-m/nofp\libgcc.a(_udivsi3.o) (__aeabi_idiv0)
c:/nxp/mcuxpressoide_11.1.0_3209/ide/plugins/com.nxp.mcuxpresso.tools.win32_11.1.0.201909161352/tools/bin/../lib/gcc/arm-none-eabi/8.3.1/../../../../arm-none-eabi/lib/thumb/v6-m/nofp\libc_nano.a(lib_a-aeabi_atexit.o)
                              ./source/main.o (__aeabi_atexit)
c:/nxp/mcuxpressoide_11.1.0_3209/ide/plugins/com.nxp.mcuxpresso.tools.win32_11.1.0.201909161352/tools/bin/../lib/gcc/arm-none-eabi/8.3.1/../../../../arm-none-eabi/lib/thumb/v6-m/nofp\libc_nano.a(lib_a-cxa_atexit.o)
                              c:/nxp/mcuxpressoide_11.1.0_3209/ide/plugins/com.nxp.mcuxpresso.tools.win32_11.1.0.201909161352/tools/bin/../lib/gcc/arm-none-eabi/8.3.1/../../../../arm-none-eabi/lib/thumb/v6-m/nofp\libc_nano.a(lib_a-aeabi_atexit.o) (__cxa_atexit)
c:/nxp/mcuxpressoide_11.1.0_3209/ide/plugins/com.nxp.mcuxpresso.tools.win32_11.1.0.201909161352/tools/bin/../lib/gcc/arm-none-eabi/8.3.1/../../../../arm-none-eabi/lib/thumb/v6-m/nofp\libc_nano.a(lib_a-init.o)
                              ./startup/startup_mkl25z4.o (__libc_init_array)
c:/nxp/mcuxpressoide_11.1.0_3209/ide/plugins/com.nxp.mcuxpresso.tools.win32_11.1.0.201909161352/tools/bin/../lib/gcc/arm-none-eabi/8.3.1/../../../../arm-none-eabi/lib/thumb/v6-m/nofp\libc_nano.a(lib_a-memcpy-stub.o)
                              ./drivers/fsl_flash.o (memcpy)
c:/nxp/mcuxpressoide_11.1.0_3209/ide/plugins/com.nxp.mcuxpresso.tools.win32_11.1.0.201909161352/tools/bin/../lib/gcc/arm-none-eabi/8.3.1/../../../../arm-none-eabi/lib/thumb/v6-m/nofp\libc_nano.a(lib_a-memset.o)
                              ./drivers/fsl_dma.o (memset)
c:/nxp/mcuxpressoide_11.1.0_3209/ide/plugins/com.nxp.mcuxpresso.tools.win32_11.1.0.201909161352/tools/bin/../lib/gcc/arm-none-eabi/8.3.1/../../../../arm-none-eabi/lib/thumb/v6-m/nofp\libc_nano.a(lib_a-on_exit_args.o)
                              c:/nxp/mcuxpressoide_11.1.0_3209/ide/plugins/com.nxp.mcuxpresso.tools.win32_11.1.0.201909161352/tools/bin/../lib/gcc/arm-none-eabi/8.3.1/../../../../arm-none-eabi/lib/thumb/v6-m/nofp\libc_nano.a(lib_a-cxa_atexit.o) (__on_exit_args)
c:/nxp/mcuxpressoide_11.1.0_3209/ide/plugins/com.nxp.mcuxpresso.tools.win32_11.1.0.201909161352/tools/bin/../lib/gcc/arm-none-eabi/8.3.1/../../../../arm-none-eabi/lib/thumb/v6-m/nofp\libc_nano.a(lib_a-printf.o)
                              ./drivers/fsl_common.o (printf)
c:/nxp/mcuxpressoide_11.1.0_3209/ide/plugins/com.nxp.mcuxpresso.tools.win32_11.1.0.201909161352/tools/bin/../lib/gcc/arm-none-eabi/8.3.1/../../../../arm-none-eabi/lib/thumb/v6-m/nofp\libc_nano.a(lib_a-findfp.o)
                              c:/nxp/mcuxpressoide_11.1.0_3209/ide/plugins/com.nxp.mcuxpresso.tools.win32_11.1.0.201909161352/tools/bin/../lib/gcc/arm-none-eabi/8.3.1/../../../../arm-none-eabi/lib/thumb/v6-m/nofp\libc_nano.a(lib_a-printf.o) (__sinit)
c:/nxp/mcuxpressoide_11.1.0_3209/ide/plugins/com.nxp.mcuxpresso.tools.win32_11.1.0.201909161352/tools/bin/../lib/gcc/arm-none-eabi/8.3.1/../../../../arm-none-eabi/lib/thumb/v6-m/nofp\libc_nano.a(lib_a-fwalk.o)
                              c:/nxp/mcuxpressoide_11.1.0_3209/ide/plugins/com.nxp.mcuxpresso.tools.win32_11.1.0.201909161352/tools/bin/../lib/gcc/arm-none-eabi/8.3.1/../../../../arm-none-eabi/lib/thumb/v6-m/nofp\libc_nano.a(lib_a-findfp.o) (_fwalk)
c:/nxp/mcuxpressoide_11.1.0_3209/ide/plugins/com.nxp.mcuxpresso.tools.win32_11.1.0.201909161352/tools/bin/../lib/gcc/arm-none-eabi/8.3.1/../../../../arm-none-eabi/lib/thumb/v6-m/nofp\libc_nano.a(lib_a-impure.o)
                              c:/nxp/mcuxpressoide_11.1.0_3209/ide/plugins/com.nxp.mcuxpresso.tools.win32_11.1.0.201909161352/tools/bin/../lib/gcc/arm-none-eabi/8.3.1/../../../../arm-none-eabi/lib/thumb/v6-m/nofp\libc_nano.a(lib_a-findfp.o) (_global_impure_ptr)
c:/nxp/mcuxpressoide_11.1.0_3209/ide/plugins/com.nxp.mcuxpresso.tools.win32_11.1.0.201909161352/tools/bin/../lib/gcc/arm-none-eabi/8.3.1/../../../../arm-none-eabi/lib/thumb/v6-m/nofp\libc_nano.a(lib_a-lock.o)
[...]
Memory Configuration

Name             Origin             Length             Attributes
PROGRAM_FLASH    0x00000000         0x00020000         xr
SRAM             0x1ffff000         0x00004000         xrw
*default*        0x00000000         0xffffffff

Linker script and memory map

LOAD ./utilities/fsl_debug_console.o
LOAD ./startup/startup_mkl25z4.o
LOAD ./source/Callback.o
LOAD ./source/TM1637Display.o
LOAD ./source/main.o
LOAD ./source/mkl_DevGPIO.o
LOAD ./drivers/fsl_adc16.o
LOAD ./drivers/fsl_clock.o
LOAD ./drivers/fsl_cmp.o
LOAD ./drivers/fsl_common.o
LOAD ./drivers/fsl_cop.o
LOAD ./drivers/fsl_dac.o
LOAD ./drivers/fsl_dma.o
LOAD ./drivers/fsl_dmamux.o
LOAD ./drivers/fsl_flash.o
LOAD ./drivers/fsl_gpio.o
LOAD ./drivers/fsl_i2c.o
LOAD ./drivers/fsl_i2c_dma.o
LOAD ./drivers/fsl_llwu.o
LOAD ./drivers/fsl_lpsci.o
LOAD ./drivers/fsl_lpsci_dma.o
LOAD ./drivers/fsl_lptmr.o
LOAD ./drivers/fsl_pit.o
LOAD ./drivers/fsl_pmc.o
LOAD ./drivers/fsl_rcm.o
LOAD ./drivers/fsl_rtc.o
LOAD ./drivers/fsl_sim.o
LOAD ./drivers/fsl_smc.o
LOAD ./drivers/fsl_spi.o
LOAD ./drivers/fsl_spi_dma.o
LOAD ./drivers/fsl_tpm.o
LOAD ./drivers/fsl_tsi_v4.o
LOAD ./drivers/fsl_uart.o
LOAD ./drivers/fsl_uart_dma.o
LOAD ./board/board.o
LOAD ./board/clock_config.o
LOAD ./board/peripherals.o
LOAD ./board/pin_mux.o
LOAD ./CMSIS/system_MKL25Z4.o
START GROUP
LOAD c:/nxp/mcuxpressoide_11.1.0_3209/ide/plugins/com.nxp.mcuxpresso.tools.win32_11.1.0.201909161352/tools/bin/../lib/gcc/arm-none-eabi/8.3.1/thumb/v6-m/nofp\libgcc.a
LOAD c:/nxp/mcuxpressoide_11.1.0_3209/ide/plugins/com.nxp.mcuxpresso.tools.win32_11.1.0.201909161352/tools/bin/../lib/gcc/arm-none-eabi/8.3.1/../../../../arm-none-eabi/lib/thumb/v6-m/nofp\libc_nano.a
LOAD c:/nxp/mcuxpressoide_11.1.0_3209/ide/plugins/com.nxp.mcuxpresso.tools.win32_11.1.0.201909161352/tools/bin/../lib/gcc/arm-none-eabi/8.3.1/../../../../arm-none-eabi/lib/thumb/v6-m/nofp\libstdc++_nano.a
LOAD c:/nxp/mcuxpressoide_11.1.0_3209/ide/plugins/com.nxp.mcuxpresso.tools.win32_11.1.0.201909161352/tools/bin/../lib/gcc/arm-none-eabi/8.3.1/../../../../arm-none-eabi/lib/thumb/v6-m/nofp\libm.a
LOAD c:/nxp/mcuxpressoide_11.1.0_3209/ide/plugins/com.nxp.mcuxpresso.tools.win32_11.1.0.201909161352/tools/bin/../lib/gcc/arm-none-eabi/8.3.1/../../../../arm-none-eabi/lib/thumb/v6-m/nofp\libcr_newlib_semihost.a
LOAD c:/nxp/mcuxpressoide_11.1.0_3209/ide/plugins/com.nxp.mcuxpresso.tools.win32_11.1.0.201909161352/tools/bin/../lib/gcc/arm-none-eabi/8.3.1/thumb/v6-m/nofp\crti.o
LOAD c:/nxp/mcuxpressoide_11.1.0_3209/ide/plugins/com.nxp.mcuxpresso.tools.win32_11.1.0.201909161352/tools/bin/../lib/gcc/arm-none-eabi/8.3.1/thumb/v6-m/nofp\crtn.o
LOAD c:/nxp/mcuxpressoide_11.1.0_3209/ide/plugins/com.nxp.mcuxpresso.tools.win32_11.1.0.201909161352/tools/bin/../lib/gcc/arm-none-eabi/8.3.1/thumb/v6-m/nofp\crtbegin.o
LOAD c:/nxp/mcuxpressoide_11.1.0_3209/ide/plugins/com.nxp.mcuxpresso.tools.win32_11.1.0.201909161352/tools/bin/../lib/gcc/arm-none-eabi/8.3.1/thumb/v6-m/nofp\crtend.o
END GROUP
                0x00000000                __base_PROGRAM_FLASH = 0x0
                0x00000000                __base_Flash = 0x0
                0x00020000                __top_PROGRAM_FLASH = 0x20000
                0x00020000                __top_Flash = 0x20000
                0x1ffff000                __base_SRAM = 0x1ffff000
                0x1ffff000                __base_RAM = 0x1ffff000
                0x20003000                __top_SRAM = 0x20003000
                0x20003000                __top_RAM = 0x20003000

.text           0x00000000     0x2e50
 FILL mask 0xff
                0x00000000                __vectors_start__ = ABSOLUTE (.)
 *(SORT_BY_ALIGNMENT(.isr_vector))
 .isr_vector    0x00000000       0xc0 ./startup/startup_mkl25z4.o
                0x00000000                g_pfnVectors
                0x00000000                __Vectors
                0x000000c0                . = ALIGN (0x4)
                0x000000c0                __section_table_start = .
                0x000000c0                __data_section_table = .
                0x000000c0        0x4 LONG 0x2e50 LOADADDR (.data)
                0x000000c4        0x4 LONG 0x1ffff000 ADDR (.data)
                0x000000c8        0x4 LONG 0x68 SIZEOF (.data)
                0x000000cc                __data_section_table_end = .
                0x000000cc                __bss_section_table = .
                0x000000cc        0x4 LONG 0x1ffff068 ADDR (.bss)
                0x000000d0        0x4 LONG 0x1a0 SIZEOF (.bss)
                0x000000d4                __bss_section_table_end = .
                0x000000d4                __section_table_end = .
 *(SORT_BY_ALIGNMENT(.after_vectors*))
 .after_vectors.reset
                0x000000d4       0x50 ./startup/startup_mkl25z4.o
                0x000000d4                ResetISR
 .after_vectors.init_data
                0x00000124       0x12 ./startup/startup_mkl25z4.o
                0x00000124                data_init(unsigned int, unsigned int, unsigned int)
 .after_vectors.init_bss
                0x00000136       0x10 ./startup/startup_mkl25z4.o
                0x00000136                bss_init(unsigned int, unsigned int)
 .after_vectors
                0x00000146      0x10c ./startup/startup_mkl25z4.o
                0x00000146                NMI_Handler
                0x00000148                HardFault_Handler
                0x0000014a                SVC_Handler
                0x0000014c                PendSV_Handler
                0x0000014e                SysTick_Handler
                0x00000150                PORTD_DriverIRQHandler
                0x00000150                Reserved39_DriverIRQHandler
                0x00000150                CMP0_DriverIRQHandler
                0x00000150                ADC0_DriverIRQHandler
                0x00000150                PIT_DriverIRQHandler
                0x00000150                LPTMR0_DriverIRQHandler
                0x00000150                TPM2_DriverIRQHandler
                0x00000150                RTC_DriverIRQHandler
                0x00000150                TPM1_DriverIRQHandler
                0x00000150                TSI0_DriverIRQHandler
                0x00000150                RTC_Seconds_DriverIRQHandler
                0x00000150                PORTA_DriverIRQHandler
                0x00000150                Reserved45_DriverIRQHandler
                0x00000150                LLWU_DriverIRQHandler
                0x00000150                MCG_DriverIRQHandler
                0x00000150                Reserved20_DriverIRQHandler
                0x00000150                TPM0_DriverIRQHandler
                0x00000150                LVD_LVW_DriverIRQHandler
                0x00000150                FTFA_DriverIRQHandler
                0x00000150                IntDefaultHandler
                0x00000150                USB0_DriverIRQHandler
                0x00000150                DAC0_DriverIRQHandler
                0x00000152                DMA0_IRQHandler
                0x0000015a                DMA1_IRQHandler
                0x00000162                DMA2_IRQHandler
                0x0000016a                DMA3_IRQHandler
                0x00000172                Reserved20_IRQHandler
                0x0000017a                FTFA_IRQHandler
                0x00000182                LVD_LVW_IRQHandler
                0x0000018a                LLWU_IRQHandler
                0x00000192                I2C0_IRQHandler
                0x0000019a                I2C1_IRQHandler
                0x000001a2                SPI0_IRQHandler
                0x000001aa                SPI1_IRQHandler
                0x000001b2                UART0_IRQHandler
                0x000001ba                UART1_IRQHandler
                0x000001c2                UART2_IRQHandler
                0x000001ca                ADC0_IRQHandler
                0x000001d2                CMP0_IRQHandler
                0x000001da                TPM0_IRQHandler
                0x000001e2                TPM1_IRQHandler
                0x000001ea                TPM2_IRQHandler
                0x000001f2                RTC_IRQHandler
                0x000001fa                RTC_Seconds_IRQHandler
                0x00000202                PIT_IRQHandler
                0x0000020a                Reserved39_IRQHandler
                0x00000212                USB0_IRQHandler
                0x0000021a                DAC0_IRQHandler
                0x00000222                TSI0_IRQHandler
                0x0000022a                MCG_IRQHandler
                0x00000232                LPTMR0_IRQHandler
                0x0000023a                Reserved45_IRQHandler
                0x00000242                PORTA_IRQHandler
                0x0000024a                PORTD_IRQHandler
                0x00000400                . = 0x400
 *fill*         0x00000252      0x1ae ff
                0x00000400                PROVIDE (__FLASH_CONFIG_START__ = .)
 *(SORT_BY_ALIGNMENT(.FlashConfig))
 .FlashConfig   0x00000400       0x10 ./startup/startup_mkl25z4.o
                0x00000410                PROVIDE (__FLASH_CONFIG_END__ = .)
                0x00000001                ASSERT (! ((__FLASH_CONFIG_START__ == __FLASH_CONFIG_END__)), Linker Flash Config Support Enabled, but no .FlashConfig section provided within application)
 *(SORT_BY_ALIGNMENT(.text*))
 .text._ZN13TM1637Display7delayMsEj
                0x00000410       0x40 ./source/TM1637Display.o
                0x00000410                TM1637Display::delayMs(unsigned int)
 .text._ZN13TM1637Display11encodeDigitEh
                0x00000450       0x28 ./source/TM1637Display.o
                0x00000450                TM1637Display::encodeDigit(unsigned char)
 .text._Z7delaymsj
                0x00000478       0x3c ./source/main.o
                0x00000478                delayms(unsigned int)
 .text.main     0x000004b4       0x88 ./source/main.o
                0x000004b4                main
 .text._Z41__static_initialization_and_destruction_0ii
                0x0000053c       0xac ./source/main.o
 .text._GLOBAL__sub_I_dio
                0x000005e8       0x18 ./source/main.o
 .text._ZN11mkl_DevGPIOC2E8gpio_Pin
                0x00000600       0xac ./source/mkl_DevGPIO.o
                0x00000600                mkl_DevGPIO::mkl_DevGPIO(gpio_Pin)
                0x00000600                mkl_DevGPIO::mkl_DevGPIO(gpio_Pin)
 .text._ZN11mkl_DevGPIO14bindPeripheralEhh
                0x000006ac       0x80 ./source/mkl_DevGPIO.o
                0x000006ac                mkl_DevGPIO::bindPeripheral(unsigned char, unsigned char)
 .text._ZN11mkl_DevGPIO17enableModuleClockEh
                0x0000072c       0x38 ./source/mkl_DevGPIO.o
                0x0000072c                mkl_DevGPIO::enableModuleClock(unsigned char)
 .text.__assert_func
                0x00000764       0x28 ./drivers/fsl_common.o
                0x00000764                __assert_func
 .text.DMA_ClearChannelStatusFlags
                0x0000078c       0x64 ./drivers/fsl_dma.o
 .text.DMA_HandleIRQ
                0x000007f0       0x60 ./drivers/fsl_dma.o
                0x000007f0                DMA_HandleIRQ
 .text.DMA0_DriverIRQHandler
                0x00000850       0x18 ./drivers/fsl_dma.o
                0x00000850                DMA0_DriverIRQHandler
 .text.DMA1_DriverIRQHandler
                0x00000868       0x18 ./drivers/fsl_dma.o
                0x00000868                DMA1_DriverIRQHandler
 .text.DMA2_DriverIRQHandler
                0x00000880       0x18 ./drivers/fsl_dma.o
                0x00000880                DMA2_DriverIRQHandler
 .text.DMA3_DriverIRQHandler
                0x00000898       0x18 ./drivers/fsl_dma.o
                0x00000898                DMA3_DriverIRQHandler
 .text.I2C_TransferCommonIRQHandler
                0x000008b0       0x54 ./drivers/fsl_i2c.o
 .text.I2C0_DriverIRQHandler
                0x00000904       0x20 ./drivers/fsl_i2c.o
                0x00000904                I2C0_DriverIRQHandler
 .text.I2C1_DriverIRQHandler
                0x00000924       0x20 ./drivers/fsl_i2c.o
                0x00000924                I2C1_DriverIRQHandler
 .text.UART0_DriverIRQHandler
                0x00000944       0x24 ./drivers/fsl_lpsci.o
                0x00000944                UART0_DriverIRQHandler
 .text.SPI_CommonIRQHandler
                0x00000968       0x54 ./drivers/fsl_spi.o
 .text.SPI0_DriverIRQHandler
                0x000009bc       0x40 ./drivers/fsl_spi.o
                0x000009bc                SPI0_DriverIRQHandler
 .text.SPI1_DriverIRQHandler
                0x000009fc       0x40 ./drivers/fsl_spi.o
                0x000009fc                SPI1_DriverIRQHandler
 .text.UART1_DriverIRQHandler
                0x00000a3c       0x24 ./drivers/fsl_uart.o
                0x00000a3c                UART1_DriverIRQHandler
 .text.UART2_DriverIRQHandler
                0x00000a60       0x24 ./drivers/fsl_uart.o
                0x00000a60                UART2_DriverIRQHandler
 .text.SystemInit
                0x00000a84       0x18 ./CMSIS/system_MKL25Z4.o
                0x00000a84                SystemInit
 .text          0x00000a9c      0x114 c:/nxp/mcuxpressoide_11.1.0_3209/ide/plugins/com.nxp.mcuxpresso.tools.win32_11.1.0.201909161352/tools/bin/../lib/gcc/arm-none-eabi/8.3.1/thumb/v6-m/nofp\libgcc.a(_udivsi3.o)
                0x00000a9c                __aeabi_uidiv
                0x00000a9c                __udivsi3
                0x00000ba8                __aeabi_uidivmod
 .text          0x00000bb0      0x1d4 c:/nxp/mcuxpressoide_11.1.0_3209/ide/plugins/com.nxp.mcuxpresso.tools.win32_11.1.0.201909161352/tools/bin/../lib/gcc/arm-none-eabi/8.3.1/thumb/v6-m/nofp\libgcc.a(_divsi3.o)
                0x00000bb0                __divsi3
                0x00000bb0                __aeabi_idiv
                0x00000d7c                __aeabi_idivmod
 .text          0x00000d84        0x4 c:/nxp/mcuxpressoide_11.1.0_3209/ide/plugins/com.nxp.mcuxpresso.tools.win32_11.1.0.201909161352/tools/bin/../lib/gcc/arm-none-eabi/8.3.1/thumb/v6-m/nofp\libgcc.a(_dvmd_tls.o)
                0x00000d84                __aeabi_idiv0
                0x00000d84                __aeabi_ldiv0
 .text.__cxa_atexit
                0x00000d88       0x1c c:/nxp/mcuxpressoide_11.1.0_3209/ide/plugins/com.nxp.mcuxpresso.tools.win32_11.1.0.201909161352/tools/bin/../lib/gcc/arm-none-eabi/8.3.1/../../../../arm-none-eabi/lib/thumb/v6-m/nofp\libc_nano.a(lib_a-cxa_atexit.o)
                0x00000d88                __cxa_atexit
 .text.__libc_init_array
                0x00000da4       0x48 c:/nxp/mcuxpressoide_11.1.0_3209/ide/plugins/com.nxp.mcuxpresso.tools.win32_11.1.0.201909161352/tools/bin/../lib/gcc/arm-none-eabi/8.3.1/../../../../arm-none-eabi/lib/thumb/v6-m/nofp\libc_nano.a(lib_a-init.o)
                0x00000da4                __libc_init_array
 .text.printf   0x00000dec       0x34 c:/nxp/mcuxpressoide_11.1.0_3209/ide/plugins/com.nxp.mcuxpresso.tools.win32_11.1.0.201909161352/tools/bin/../lib/gcc/arm-none-eabi/8.3.1/../../../../arm-none-eabi/lib/thumb/v6-m/nofp\libc_nano.a(lib_a-printf.o)
                0x00000dec                iprintf
                0x00000dec                printf
 .text.std      0x00000e20       0x48 c:/nxp/mcuxpressoide_11.1.0_3209/ide/plugins/com.nxp.mcuxpresso.tools.win32_11.1.0.201909161352/tools/bin/../lib/gcc/arm-none-eabi/8.3.1/../../../../arm-none-eabi/lib/thumb/v6-m/nofp\libc_nano.a(lib_a-findfp.o)
 .text._cleanup_r
                0x00000e68       0x10 c:/nxp/mcuxpressoide_11.1.0_3209/ide/plugins/com.nxp.mcuxpresso.tools.win32_11.1.0.201909161352/tools/bin/../lib/gcc/arm-none-eabi/8.3.1/../../../../arm-none-eabi/lib/thumb/v6-m/nofp\libc_nano.a(lib_a-findfp.o)
                0x00000e68                _cleanup_r
 .text.__sfp_lock_acquire
                0x00000e78       0x10 c:/nxp/mcuxpressoide_11.1.0_3209/ide/plugins/com.nxp.mcuxpresso.tools.win32_11.1.0.201909161352/tools/bin/../lib/gcc/arm-none-eabi/8.3.1/../../../../arm-none-eabi/lib/thumb/v6-m/nofp\libc_nano.a(lib_a-findfp.o)
                0x00000e78                __sfp_lock_acquire
 .text.__sfp_lock_release
                0x00000e88       0x10 c:/nxp/mcuxpressoide_11.1.0_3209/ide/plugins/com.nxp.mcuxpresso.tools.win32_11.1.0.201909161352/tools/bin/../lib/gcc/arm-none-eabi/8.3.1/../../../../arm-none-eabi/lib/thumb/v6-m/nofp\libc_nano.a(lib_a-findfp.o)
                0x00000e88                __sfp_lock_release
 .text.__sinit_lock_acquire
                0x00000e98       0x10 c:/nxp/mcuxpressoide_11.1.0_3209/ide/plugins/com.nxp.mcuxpresso.tools.win32_11.1.0.201909161352/tools/bin/../lib/gcc/arm-none-eabi/8.3.1/../../../../arm-none-eabi/lib/thumb/v6-m/nofp\libc_nano.a(lib_a-findfp.o)
                0x00000e98                __sinit_lock_acquire
 .text.__sinit_lock_release
                0x00000ea8       0x10 c:/nxp/mcuxpressoide_11.1.0_3209/ide/plugins/com.nxp.mcuxpresso.tools.win32_11.1.0.201909161352/tools/bin/../lib/gcc/arm-none-eabi/8.3.1/../../../../arm-none-eabi/lib/thumb/v6-m/nofp\libc_nano.a(lib_a-findfp.o)
                0x00000ea8                __sinit_lock_release
 .text.__sinit  0x00000eb8       0x70 c:/nxp/mcuxpressoide_11.1.0_3209/ide/plugins/com.nxp.mcuxpresso.tools.win32_11.1.0.201909161352/tools/bin/../lib/gcc/arm-none-eabi/8.3.1/../../../../arm-none-eabi/lib/thumb/v6-m/nofp\libc_nano.a(lib_a-findfp.o)
                0x00000eb8                __sinit
 .text.__sfp    0x00000f28       0x90 c:/nxp/mcuxpressoide_11.1.0_3209/ide/plugins/com.nxp.mcuxpresso.tools.win32_11.1.0.201909161352/tools/bin/../lib/gcc/arm-none-eabi/8.3.1/../../../../arm-none-eabi/lib/thumb/v6-m/nofp\libc_nano.a(lib_a-findfp.o)
                0x00000f28                __sfp
 .text._malloc_r
                0x00000fb8       0xbc c:/nxp/mcuxpressoide_11.1.0_3209/ide/plugins/com.nxp.mcuxpresso.tools.win32_11.1.0.201909161352/tools/bin/../lib/gcc/arm-none-eabi/8.3.1/../../../../arm-none-eabi/lib/thumb/v6-m/nofp\libc_nano.a(lib_a-nano-mallocr.o)
                0x00000fb8                _malloc_r
 .text._vfprintf_r
                0x00001074      0x26c c:/nxp/mcuxpressoide_11.1.0_3209/ide/plugins/com.nxp.mcuxpresso.tools.win32_11.1.0.201909161352/tools/bin/../lib/gcc/arm-none-eabi/8.3.1/../../../../arm-none-eabi/lib/thumb/v6-m/nofp\libc_nano.a(lib_a-nano-vfprintf.o)
                0x00001074                _vfprintf_r
                0x00001074                _vfiprintf_r
 .text._printf_i
                0x000012e0      0x214 c:/nxp/mcuxpressoide_11.1.0_3209/ide/plugins/com.nxp.mcuxpresso.tools.win32_11.1.0.201909161352/tools/bin/../lib/gcc/arm-none-eabi/8.3.1/../../../../arm-none-eabi/lib/thumb/v6-m/nofp\libc_nano.a(lib_a-nano-vfprintf_i.o)
                0x000012e0                _printf_i
 .text._sbrk_r  0x000014f4       0x24 c:/nxp/mcuxpressoide_11.1.0_3209/ide/plugins/com.nxp.mcuxpresso.tools.win32_11.1.0.201909161352/tools/bin/../lib/gcc/arm-none-eabi/8.3.1/../../../../arm-none-eabi/lib/thumb/v6-m/nofp\libc_nano.a(lib_a-sbrkr.o)
                0x000014f4                _sbrk_r
 .text.__sread  0x00001518       0x28 c:/nxp/mcuxpressoide_11.1.0_3209/ide/plugins/com.nxp.mcuxpresso.tools.win32_11.1.0.201909161352/tools/bin/../lib/gcc/arm-none-eabi/8.3.1/../../../../arm-none-eabi/lib/thumb/v6-m/nofp\libc_nano.a(lib_a-stdio.o)
                0x00001518                __sread
 .text.__swrite
                0x00001540       0x38 c:/nxp/mcuxpressoide_11.1.0_3209/ide/plugins/com.nxp.mcuxpresso.tools.win32_11.1.0.201909161352/tools/bin/../lib/gcc/arm-none-eabi/8.3.1/../../../../arm-none-eabi/lib/thumb/v6-m/nofp\libc_nano.a(lib_a-stdio.o)
                0x00001540                __swrite
 .text.__sseek  0x00001578       0x2c c:/nxp/mcuxpressoide_11.1.0_3209/ide/plugins/com.nxp.mcuxpresso.tools.win32_11.1.0.201909161352/tools/bin/../lib/gcc/arm-none-eabi/8.3.1/../../../../arm-none-eabi/lib/thumb/v6-m/nofp\libc_nano.a(lib_a-stdio.o)
                0x00001578                __sseek
 .text.__swbuf_r
                0x000015a4       0xac c:/nxp/mcuxpressoide_11.1.0_3209/ide/plugins/com.nxp.mcuxpresso.tools.win32_11.1.0.201909161352/tools/bin/../lib/gcc/arm-none-eabi/8.3.1/../../../../arm-none-eabi/lib/thumb/v6-m/nofp\libc_nano.a(lib_a-wbuf.o)
                0x000015a4                __swbuf_r
 .text._write_r
                0x00001650       0x28 c:/nxp/mcuxpressoide_11.1.0_3209/ide/plugins/com.nxp.mcuxpresso.tools.win32_11.1.0.201909161352/tools/bin/../lib/gcc/arm-none-eabi/8.3.1/../../../../arm-none-eabi/lib/thumb/v6-m/nofp\libc_nano.a(lib_a-writer.o)
                0x00001650                _write_r
 .text.__swsetup_r
                0x00001678       0xec c:/nxp/mcuxpressoide_11.1.0_3209/ide/plugins/com.nxp.mcuxpresso.tools.win32_11.1.0.201909161352/tools/bin/../lib/gcc/arm-none-eabi/8.3.1/../../../../arm-none-eabi/lib/thumb/v6-m/nofp\libc_nano.a(lib_a-wsetup.o)
                0x00001678                __swsetup_r
 .text._close_r
                0x00001764       0x24 c:/nxp/mcuxpressoide_11.1.0_3209/ide/plugins/com.nxp.mcuxpresso.tools.win32_11.1.0.201909161352/tools/bin/../lib/gcc/arm-none-eabi/8.3.1/../../../../arm-none-eabi/lib/thumb/v6-m/nofp\libc_nano.a(lib_a-closer.o)
                0x00001764                _close_r
 .text.__sflush_r
                0x00001788      0x114 c:/nxp/mcuxpressoide_11.1.0_3209/ide/plugins/com.nxp.mcuxpresso.tools.win32_11.1.0.201909161352/tools/bin/../lib/gcc/arm-none-eabi/8.3.1/../../../../arm-none-eabi/lib/thumb/v6-m/nofp\libc_nano.a(lib_a-fflush.o)
                0x00001788                __sflush_r
 .text._fflush_r
                0x0000189c       0x80 c:/nxp/mcuxpressoide_11.1.0_3209/ide/plugins/com.nxp.mcuxpresso.tools.win32_11.1.0.201909161352/tools/bin/../lib/gcc/arm-none-eabi/8.3.1/../../../../arm-none-eabi/lib/thumb/v6-m/nofp\libc_nano.a(lib_a-fflush.o)
                0x0000189c                _fflush_r
 .text._lseek_r
                0x0000191c       0x28 c:/nxp/mcuxpressoide_11.1.0_3209/ide/plugins/com.nxp.mcuxpresso.tools.win32_11.1.0.201909161352/tools/bin/../lib/gcc/arm-none-eabi/8.3.1/../../../../arm-none-eabi/lib/thumb/v6-m/nofp\libc_nano.a(lib_a-lseekr.o)
                0x0000191c                _lseek_r
 .text.__swhatbuf_r
                0x00001944       0x50 c:/nxp/mcuxpressoide_11.1.0_3209/ide/plugins/com.nxp.mcuxpresso.tools.win32_11.1.0.201909161352/tools/bin/../lib/gcc/arm-none-eabi/8.3.1/../../../../arm-none-eabi/lib/thumb/v6-m/nofp\libc_nano.a(lib_a-makebuf.o)
                0x00001944                __swhatbuf_r
 .text.__smakebuf_r
                0x00001994       0x88 c:/nxp/mcuxpressoide_11.1.0_3209/ide/plugins/com.nxp.mcuxpresso.tools.win32_11.1.0.201909161352/tools/bin/../lib/gcc/arm-none-eabi/8.3.1/../../../../arm-none-eabi/lib/thumb/v6-m/nofp\libc_nano.a(lib_a-makebuf.o)
                0x00001994                __smakebuf_r
 .text.__malloc_lock
                0x00001a1c       0x10 c:/nxp/mcuxpressoide_11.1.0_3209/ide/plugins/com.nxp.mcuxpresso.tools.win32_11.1.0.201909161352/tools/bin/../lib/gcc/arm-none-eabi/8.3.1/../../../../arm-none-eabi/lib/thumb/v6-m/nofp\libc_nano.a(lib_a-mlock.o)
                0x00001a1c                __malloc_lock
 .text.__malloc_unlock
                0x00001a2c       0x10 c:/nxp/mcuxpressoide_11.1.0_3209/ide/plugins/com.nxp.mcuxpresso.tools.win32_11.1.0.201909161352/tools/bin/../lib/gcc/arm-none-eabi/8.3.1/../../../../arm-none-eabi/lib/thumb/v6-m/nofp\libc_nano.a(lib_a-mlock.o)
                0x00001a2c                __malloc_unlock
 .text._free_r  0x00001a3c       0x94 c:/nxp/mcuxpressoide_11.1.0_3209/ide/plugins/com.nxp.mcuxpresso.tools.win32_11.1.0.201909161352/tools/bin/../lib/gcc/arm-none-eabi/8.3.1/../../../../arm-none-eabi/lib/thumb/v6-m/nofp\libc_nano.a(lib_a-nano-freer.o)
                0x00001a3c                _free_r
 .text._read_r  0x00001ad0       0x28 c:/nxp/mcuxpressoide_11.1.0_3209/ide/plugins/com.nxp.mcuxpresso.tools.win32_11.1.0.201909161352/tools/bin/../lib/gcc/arm-none-eabi/8.3.1/../../../../arm-none-eabi/lib/thumb/v6-m/nofp\libc_nano.a(lib_a-readr.o)
                0x00001ad0                _read_r
 .text._fstat_r
                0x00001af8       0x24 c:/nxp/mcuxpressoide_11.1.0_3209/ide/plugins/com.nxp.mcuxpresso.tools.win32_11.1.0.201909161352/tools/bin/../lib/gcc/arm-none-eabi/8.3.1/../../../../arm-none-eabi/lib/thumb/v6-m/nofp\libc_nano.a(lib_a-fstatr.o)
                0x00001af8                _fstat_r
 .text._isatty_r
                0x00001b1c       0x24 c:/nxp/mcuxpressoide_11.1.0_3209/ide/plugins/com.nxp.mcuxpresso.tools.win32_11.1.0.201909161352/tools/bin/../lib/gcc/arm-none-eabi/8.3.1/../../../../arm-none-eabi/lib/thumb/v6-m/nofp\libc_nano.a(lib_a-isattyr.o)
                0x00001b1c                _isatty_r
 .text._sbrk    0x00001b40       0x40 c:/nxp/mcuxpressoide_11.1.0_3209/ide/plugins/com.nxp.mcuxpresso.tools.win32_11.1.0.201909161352/tools/bin/../lib/gcc/arm-none-eabi/8.3.1/../../../../arm-none-eabi/lib/thumb/v6-m/nofp\libcr_newlib_semihost.a(_cr_sbrk.o)
                0x00001b40                _sbrk
 .text.initialise_monitor_handles
                0x00001b80       0xa0 c:/nxp/mcuxpressoide_11.1.0_3209/ide/plugins/com.nxp.mcuxpresso.tools.win32_11.1.0.201909161352/tools/bin/../lib/gcc/arm-none-eabi/8.3.1/../../../../arm-none-eabi/lib/thumb/v6-m/nofp\libcr_newlib_semihost.a(syscalls.o)
 .text.findslot
                0x00001c20       0x24 c:/nxp/mcuxpressoide_11.1.0_3209/ide/plugins/com.nxp.mcuxpresso.tools.win32_11.1.0.201909161352/tools/bin/../lib/gcc/arm-none-eabi/8.3.1/../../../../arm-none-eabi/lib/thumb/v6-m/nofp\libcr_newlib_semihost.a(syscalls.o)
 .text._close   0x00001c44       0x4c c:/nxp/mcuxpressoide_11.1.0_3209/ide/plugins/com.nxp.mcuxpresso.tools.win32_11.1.0.201909161352/tools/bin/../lib/gcc/arm-none-eabi/8.3.1/../../../../arm-none-eabi/lib/thumb/v6-m/nofp\libcr_newlib_semihost.a(syscalls.o)
                0x00001c44                _close
 .text.__check_heap_overflow
                0x00001c90       0x14 c:/nxp/mcuxpressoide_11.1.0_3209/ide/plugins/com.nxp.mcuxpresso.tools.win32_11.1.0.201909161352/tools/bin/../lib/gcc/arm-none-eabi/8.3.1/../../../../arm-none-eabi/lib/thumb/v6-m/nofp\libcr_newlib_semihost.a(_cr_check_heap.o)
                0x00001c90                __check_heap_overflow
 .text          0x00001ca4       0x48 c:/nxp/mcuxpressoide_11.1.0_3209/ide/plugins/com.nxp.mcuxpresso.tools.win32_11.1.0.201909161352/tools/bin/../lib/gcc/arm-none-eabi/8.3.1/thumb/v6-m/nofp\crtbegin.o
 .text.__errno  0x00001cec        0xc c:/nxp/mcuxpressoide_11.1.0_3209/ide/plugins/com.nxp.mcuxpresso.tools.win32_11.1.0.201909161352/tools/bin/../lib/gcc/arm-none-eabi/8.3.1/../../../../arm-none-eabi/lib/thumb/v6-m/nofp\libc_nano.a(lib_a-errno.o)
                0x00001cec                __errno
 .text._ZNSt14_Function_baseC2Ev
                0x00001cf8       0x18 ./source/Callback.o
                0x00001cf8                std::_Function_base::_Function_base()
                0x00001cf8                std::_Function_base::_Function_base()
 .text._ZNSt14_Function_baseD2Ev
                0x00001d10       0x26 ./source/Callback.o
                0x00001d10                std::_Function_base::~_Function_base()
                0x00001d10                std::_Function_base::~_Function_base()
 .text._ZNKSt14_Function_base8_M_emptyEv
                0x00001d36       0x1a ./source/Callback.o
                0x00001d36                std::_Function_base::_M_empty() const
 .text._ZNSt8functionIFvvEED2Ev
                0x00001d50       0x1a ./source/Callback.o
                0x00001d50                std::function<void ()>::~function()
                0x00001d50                std::function<void ()>::~function()
 .text._ZNSt8functionIFvvEEaSERKS1_
                0x00001d6a       0x36 ./source/Callback.o
                0x00001d6a                std::function<void ()>::operator=(std::function<void ()> const&)
 .text._ZNKSt8functionIFvvEEcvbEv
                0x00001da0       0x22 ./source/Callback.o
                0x00001da0                std::function<void ()>::operator bool() const
 .text._ZNSt8functionIFvvEEC2ERKS1_
                0x00001dc2       0x44 ./source/Callback.o
                0x00001dc2                std::function<void ()>::function(std::function<void ()> const&)
                0x00001dc2                std::function<void ()>::function(std::function<void ()> const&)
 .text._ZNSt8functionIFvvEE4swapERS1_
                0x00001e06       0x42 ./source/Callback.o
                0x00001e06                std::function<void ()>::swap(std::function<void ()>&)
 .text._ZSt4moveIRSt9_Any_dataEONSt16remove_referenceIT_E4typeEOS3_
                0x00001e48       0x12 ./source/Callback.o
                0x00001e48                std::remove_reference<std::_Any_data&>::type&& std::move<std::_Any_data&>(std::_Any_data&)
 .text._ZSt4swapISt9_Any_dataENSt9enable_ifIXsrSt6__and_IJSt6__not_ISt15__is_tuple_likeIT_EESt21is_move_constructibleIS5_ESt18is_move_assignableIS5_EEE5valueEvE4typeERS5_SF_
                0x00001e5a       0x44 ./source/Callback.o
                0x00001e5a                std::enable_if<std::__and_<std::__not_<std::__is_tuple_like<std::_Any_data> >, std::is_move_constructible<std::_Any_data>, std::is_move_assignable<std::_Any_data> >::value, void>::type std::swap<std::_Any_data>(std::_Any_data&, std::_Any_data&)
 .text._ZSt4moveIRPFbRSt9_Any_dataRKS0_St18_Manager_operationEEONSt16remove_referenceIT_E4typeEOS9_
                0x00001e9e       0x12 ./source/Callback.o
                0x00001e9e                std::remove_reference<bool (*&)(std::_Any_data&, std::_Any_data const&, std::_Manager_operation)>::type&& std::move<bool (*&)(std::_Any_data&, std::_Any_data const&, std::_Manager_operation)>(bool (*&)(std::_Any_data&, std::_Any_data const&, std::_Manager_operation))
 .text._ZSt4swapIPFbRSt9_Any_dataRKS0_St18_Manager_operationEENSt9enable_ifIXsrSt6__and_IJSt6__not_ISt15__is_tuple_likeIT_EESt21is_move_constructibleISB_ESt18is_move_assignableISB_EEE5valueEvE4typeERSB_SL_
                0x00001eb0       0x42 ./source/Callback.o
                0x00001eb0                std::enable_if<std::__and_<std::__not_<std::__is_tuple_like<bool (*)(std::_Any_data&, std::_Any_data const&, std::_Manager_operation)> >, std::is_move_constructible<bool (*)(std::_Any_data&, std::_Any_data const&, std::_Manager_operation)>, std::is_move_assignable<bool (*)(std::_Any_data&, std::_Any_data const&, std::_Manager_operation)> >::value, void>::type std::swap<bool (*)(std::_Any_data&, std::_Any_data const&, std::_Manager_operation)>(bool (*&)(std::_Any_data&, std::_Any_data const&, std::_Manager_operation), bool (*&)(std::_Any_data&, std::_Any_data const&, std::_Manager_operation))
 .text._ZSt4moveIRPFvRKSt9_Any_dataEEONSt16remove_referenceIT_E4typeEOS7_
                0x00001ef2       0x12 ./source/Callback.o
                0x00001ef2                std::remove_reference<void (*&)(std::_Any_data const&)>::type&& std::move<void (*&)(std::_Any_data const&)>(void (*&)(std::_Any_data const&))
 .text._ZSt4swapIPFvRKSt9_Any_dataEENSt9enable_ifIXsrSt6__and_IJSt6__not_ISt15__is_tuple_likeIT_EESt21is_move_constructibleIS9_ESt18is_move_assignableIS9_EEE5valueEvE4typeERS9_SJ_
                0x00001f04       0x42 ./source/Callback.o
                0x00001f04                std::enable_if<std::__and_<std::__not_<std::__is_tuple_like<void (*)(std::_Any_data const&)> >, std::is_move_constructible<void (*)(std::_Any_data const&)>, std::is_move_assignable<void (*)(std::_Any_data const&)> >::value, void>::type std::swap<void (*)(std::_Any_data const&)>(void (*&)(std::_Any_data const&), void (*&)(std::_Any_data const&))
 .text._ZN8CallbackaSERKS_
                0x00001f46       0x20 ./source/TM1637Display.o
                0x00001f46                Callback::operator=(Callback const&)
 .text._ZN11mkl_DevGPIOaSERKS_
                0x00001f66       0x80 ./source/TM1637Display.o
                0x00001f66                mkl_DevGPIO::operator=(mkl_DevGPIO const&)
 .text._ZN13TM1637DisplayC2E11mkl_DevGPIOS0_j
                0x00001fe6       0x76 ./source/TM1637Display.o
                0x00001fe6                TM1637Display::TM1637Display(mkl_DevGPIO, mkl_DevGPIO, unsigned int)
                0x00001fe6                TM1637Display::TM1637Display(mkl_DevGPIO, mkl_DevGPIO, unsigned int)
 .text._ZN13TM1637Display13setBrightnessEhb
                0x0000205c       0x46 ./source/TM1637Display.o
                0x0000205c                TM1637Display::setBrightness(unsigned char, bool)
 .text._ZN13TM1637Display11setSegmentsEPKhhh
                0x000020a2       0xc0 ./source/TM1637Display.o
                0x000020a2                TM1637Display::setSegments(unsigned char const*, unsigned char, unsigned char)
 .text._ZN13TM1637Display13showNumberDecEibhh
                0x00002162       0x3c ./source/TM1637Display.o
                0x00002162                TM1637Display::showNumberDec(int, bool, unsigned char, unsigned char)
 .text._ZN13TM1637Display15showNumberDecExEihbhh
                0x0000219e       0x58 ./source/TM1637Display.o
                0x0000219e                TM1637Display::showNumberDecEx(int, unsigned char, bool, unsigned char, unsigned char)
 .text._ZN13TM1637Display16showNumberBaseExEathbhh
                0x000021f6      0x1ae ./source/TM1637Display.o
                0x000021f6                TM1637Display::showNumberBaseEx(signed char, unsigned short, unsigned char, bool, unsigned char, unsigned char)
 .text._ZN13TM1637Display8bitDelayEv
                0x000023a4       0x1e ./source/TM1637Display.o
                0x000023a4                TM1637Display::bitDelay()
 .text._ZN13TM1637Display5startEv
                0x000023c2       0x24 ./source/TM1637Display.o
                0x000023c2                TM1637Display::start()
 .text._ZN13TM1637Display4stopEv
                0x000023e6       0x4a ./source/TM1637Display.o
                0x000023e6                TM1637Display::stop()
 .text._ZN13TM1637Display9writeByteEh
                0x00002430      0x11a ./source/TM1637Display.o
                0x00002430                TM1637Display::writeByte(unsigned char)
 .text._ZN13TM1637Display8showDotsEhPh
                0x0000254a       0x56 ./source/TM1637Display.o
                0x0000254a                TM1637Display::showDots(unsigned char, unsigned char*)
 .text._ZN8CallbackC2ERKS_
                0x000025a0       0x20 ./source/main.o
                0x000025a0                Callback::Callback(Callback const&)
                0x000025a0                Callback::Callback(Callback const&)
 .text._ZN8CallbackD2Ev
                0x000025c0       0x1a ./source/main.o
                0x000025c0                Callback::~Callback()
                0x000025c0                Callback::~Callback()
 .text._ZN11mkl_DevGPIOC2ERKS_
                0x000025da       0x80 ./source/main.o
                0x000025da                mkl_DevGPIO::mkl_DevGPIO(mkl_DevGPIO const&)
                0x000025da                mkl_DevGPIO::mkl_DevGPIO(mkl_DevGPIO const&)
 .text._ZN11mkl_DevGPIOD2Ev
                0x0000265a       0x1a ./source/main.o
                0x0000265a                mkl_DevGPIO::~mkl_DevGPIO()
                0x0000265a                mkl_DevGPIO::~mkl_DevGPIO()
 .text._ZN13TM1637DisplayD2Ev
                0x00002674       0x24 ./source/main.o
                0x00002674                TM1637Display::~TM1637Display()
                0x00002674                TM1637Display::~TM1637Display()
 .text._ZN8CallbackC2Ev
                0x00002698       0x1a ./source/mkl_DevGPIO.o
                0x00002698                Callback::Callback()
                0x00002698                Callback::Callback()
 .text._ZN11mkl_DevGPIOC2Ev
                0x000026b2       0x1a ./source/mkl_DevGPIO.o
                0x000026b2                mkl_DevGPIO::mkl_DevGPIO()
                0x000026b2                mkl_DevGPIO::mkl_DevGPIO()
 .text._ZN11mkl_DevGPIO11setPortModeE13gpio_PortMode
                0x000026cc       0x46 ./source/mkl_DevGPIO.o
                0x000026cc                mkl_DevGPIO::setPortMode(gpio_PortMode)
 .text._ZN11mkl_DevGPIO15setPullResistorE17gpio_PullResistor
                0x00002712       0x38 ./source/mkl_DevGPIO.o
                0x00002712                mkl_DevGPIO::setPullResistor(gpio_PullResistor)
 .text._ZN11mkl_DevGPIO8writeBitEi
                0x0000274a       0x40 ./source/mkl_DevGPIO.o
                0x0000274a                mkl_DevGPIO::writeBit(int)
 .text._ZN11mkl_DevGPIO7readBitEv
                0x0000278a       0x2c ./source/mkl_DevGPIO.o
                0x0000278a                mkl_DevGPIO::readBit()
 .text._ZN11mkl_DevGPIO20selectMuxAlternativeEv
                0x000027b6       0x1a ./source/mkl_DevGPIO.o
                0x000027b6                mkl_DevGPIO::selectMuxAlternative()
 .text._ZN11mkl_DevGPIO17setGPIOParametersE8gpio_PinRmS1_
                0x000027d0       0x46 ./source/mkl_DevGPIO.o
                0x000027d0                mkl_DevGPIO::setGPIOParameters(gpio_Pin, unsigned long&, unsigned long&)
 .text._ZNSt8functionIFvvEEC2Ev
                0x00002816       0x1a ./source/mkl_DevGPIO.o
                0x00002816                std::function<void ()>::function()
                0x00002816                std::function<void ()>::function()
 .text.__aeabi_atexit
                0x00002830        0xe c:/nxp/mcuxpressoide_11.1.0_3209/ide/plugins/com.nxp.mcuxpresso.tools.win32_11.1.0.201909161352/tools/bin/../lib/gcc/arm-none-eabi/8.3.1/../../../../arm-none-eabi/lib/thumb/v6-m/nofp\libc_nano.a(lib_a-aeabi_atexit.o)
                0x00002830                __aeabi_atexit
 .text.memset   0x0000283e       0x10 c:/nxp/mcuxpressoide_11.1.0_3209/ide/plugins/com.nxp.mcuxpresso.tools.win32_11.1.0.201909161352/tools/bin/../lib/gcc/arm-none-eabi/8.3.1/../../../../arm-none-eabi/lib/thumb/v6-m/nofp\libc_nano.a(lib_a-memset.o)
                0x0000283e                memset
 .text.__sfmoreglue
                0x0000284e       0x2c c:/nxp/mcuxpressoide_11.1.0_3209/ide/plugins/com.nxp.mcuxpresso.tools.win32_11.1.0.201909161352/tools/bin/../lib/gcc/arm-none-eabi/8.3.1/../../../../arm-none-eabi/lib/thumb/v6-m/nofp\libc_nano.a(lib_a-findfp.o)
                0x0000284e                __sfmoreglue
 .text._fwalk_reent
                0x0000287a       0x42 c:/nxp/mcuxpressoide_11.1.0_3209/ide/plugins/com.nxp.mcuxpresso.tools.win32_11.1.0.201909161352/tools/bin/../lib/gcc/arm-none-eabi/8.3.1/../../../../arm-none-eabi/lib/thumb/v6-m/nofp\libc_nano.a(lib_a-fwalk.o)
                0x0000287a                _fwalk_reent
 .text.__retarget_lock_init_recursive
                0x000028bc        0x2 c:/nxp/mcuxpressoide_11.1.0_3209/ide/plugins/com.nxp.mcuxpresso.tools.win32_11.1.0.201909161352/tools/bin/../lib/gcc/arm-none-eabi/8.3.1/../../../../arm-none-eabi/lib/thumb/v6-m/nofp\libc_nano.a(lib_a-lock.o)
                0x000028bc                __retarget_lock_init_recursive
 .text.__retarget_lock_acquire_recursive
                0x000028be        0x2 c:/nxp/mcuxpressoide_11.1.0_3209/ide/plugins/com.nxp.mcuxpresso.tools.win32_11.1.0.201909161352/tools/bin/../lib/gcc/arm-none-eabi/8.3.1/../../../../arm-none-eabi/lib/thumb/v6-m/nofp\libc_nano.a(lib_a-lock.o)
                0x000028be                __retarget_lock_acquire_recursive
 .text.__retarget_lock_release_recursive
                0x000028c0        0x2 c:/nxp/mcuxpressoide_11.1.0_3209/ide/plugins/com.nxp.mcuxpresso.tools.win32_11.1.0.201909161352/tools/bin/../lib/gcc/arm-none-eabi/8.3.1/../../../../arm-none-eabi/lib/thumb/v6-m/nofp\libc_nano.a(lib_a-lock.o)
                0x000028c0                __retarget_lock_release_recursive
 .text.__sfputc_r
                0x000028c2       0x2a c:/nxp/mcuxpressoide_11.1.0_3209/ide/plugins/com.nxp.mcuxpresso.tools.win32_11.1.0.201909161352/tools/bin/../lib/gcc/arm-none-eabi/8.3.1/../../../../arm-none-eabi/lib/thumb/v6-m/nofp\libc_nano.a(lib_a-nano-vfprintf.o)
 .text.__sfputs_r
                0x000028ec       0x24 c:/nxp/mcuxpressoide_11.1.0_3209/ide/plugins/com.nxp.mcuxpresso.tools.win32_11.1.0.201909161352/tools/bin/../lib/gcc/arm-none-eabi/8.3.1/../../../../arm-none-eabi/lib/thumb/v6-m/nofp\libc_nano.a(lib_a-nano-vfprintf.o)
                0x000028ec                __sfputs_r
 .text._printf_common
                0x00002910       0xda c:/nxp/mcuxpressoide_11.1.0_3209/ide/plugins/com.nxp.mcuxpresso.tools.win32_11.1.0.201909161352/tools/bin/../lib/gcc/arm-none-eabi/8.3.1/../../../../arm-none-eabi/lib/thumb/v6-m/nofp\libc_nano.a(lib_a-nano-vfprintf_i.o)
                0x00002910                _printf_common
 .text.__sclose
                0x000029ea        0xc c:/nxp/mcuxpressoide_11.1.0_3209/ide/plugins/com.nxp.mcuxpresso.tools.win32_11.1.0.201909161352/tools/bin/../lib/gcc/arm-none-eabi/8.3.1/../../../../arm-none-eabi/lib/thumb/v6-m/nofp\libc_nano.a(lib_a-stdio.o)
                0x000029ea                __sclose
 .text.memchr   0x000029f6       0x16 c:/nxp/mcuxpressoide_11.1.0_3209/ide/plugins/com.nxp.mcuxpresso.tools.win32_11.1.0.201909161352/tools/bin/../lib/gcc/arm-none-eabi/8.3.1/../../../../arm-none-eabi/lib/thumb/v6-m/nofp\libc_nano.a(lib_a-memchr-stub.o)
                0x000029f6                memchr
 .text.error    0x00002a0c       0x1c c:/nxp/mcuxpressoide_11.1.0_3209/ide/plugins/com.nxp.mcuxpresso.tools.win32_11.1.0.201909161352/tools/bin/../lib/gcc/arm-none-eabi/8.3.1/../../../../arm-none-eabi/lib/thumb/v6-m/nofp\libcr_newlib_semihost.a(syscalls.o)
 .text.checkerror
                0x00002a28       0x20 c:/nxp/mcuxpressoide_11.1.0_3209/ide/plugins/com.nxp.mcuxpresso.tools.win32_11.1.0.201909161352/tools/bin/../lib/gcc/arm-none-eabi/8.3.1/../../../../arm-none-eabi/lib/thumb/v6-m/nofp\libcr_newlib_semihost.a(syscalls.o)
 .text._swiread
                0x00002a48       0x20 c:/nxp/mcuxpressoide_11.1.0_3209/ide/plugins/com.nxp.mcuxpresso.tools.win32_11.1.0.201909161352/tools/bin/../lib/gcc/arm-none-eabi/8.3.1/../../../../arm-none-eabi/lib/thumb/v6-m/nofp\libcr_newlib_semihost.a(syscalls.o)
                0x00002a48                _swiread
 .text._read    0x00002a68       0x34 c:/nxp/mcuxpressoide_11.1.0_3209/ide/plugins/com.nxp.mcuxpresso.tools.win32_11.1.0.201909161352/tools/bin/../lib/gcc/arm-none-eabi/8.3.1/../../../../arm-none-eabi/lib/thumb/v6-m/nofp\libcr_newlib_semihost.a(syscalls.o)
                0x00002a68                _read
 .text._swilseek
                0x00002a9c       0x76 c:/nxp/mcuxpressoide_11.1.0_3209/ide/plugins/com.nxp.mcuxpresso.tools.win32_11.1.0.201909161352/tools/bin/../lib/gcc/arm-none-eabi/8.3.1/../../../../arm-none-eabi/lib/thumb/v6-m/nofp\libcr_newlib_semihost.a(syscalls.o)
                0x00002a9c                _swilseek
 .text._lseek   0x00002b12        0x8 c:/nxp/mcuxpressoide_11.1.0_3209/ide/plugins/com.nxp.mcuxpresso.tools.win32_11.1.0.201909161352/tools/bin/../lib/gcc/arm-none-eabi/8.3.1/../../../../arm-none-eabi/lib/thumb/v6-m/nofp\libcr_newlib_semihost.a(syscalls.o)
                0x00002b12                _lseek
 .text._swiwrite
                0x00002b1a       0x20 c:/nxp/mcuxpressoide_11.1.0_3209/ide/plugins/com.nxp.mcuxpresso.tools.win32_11.1.0.201909161352/tools/bin/../lib/gcc/arm-none-eabi/8.3.1/../../../../arm-none-eabi/lib/thumb/v6-m/nofp\libcr_newlib_semihost.a(syscalls.o)
                0x00002b1a                _swiwrite
 .text._write   0x00002b3a       0x3e c:/nxp/mcuxpressoide_11.1.0_3209/ide/plugins/com.nxp.mcuxpresso.tools.win32_11.1.0.201909161352/tools/bin/../lib/gcc/arm-none-eabi/8.3.1/../../../../arm-none-eabi/lib/thumb/v6-m/nofp\libcr_newlib_semihost.a(syscalls.o)
                0x00002b3a                _write
 .text._swiclose
                0x00002b78       0x18 c:/nxp/mcuxpressoide_11.1.0_3209/ide/plugins/com.nxp.mcuxpresso.tools.win32_11.1.0.201909161352/tools/bin/../lib/gcc/arm-none-eabi/8.3.1/../../../../arm-none-eabi/lib/thumb/v6-m/nofp\libcr_newlib_semihost.a(syscalls.o)
                0x00002b78                _swiclose
 .text._swistat
                0x00002b90       0x44 c:/nxp/mcuxpressoide_11.1.0_3209/ide/plugins/com.nxp.mcuxpresso.tools.win32_11.1.0.201909161352/tools/bin/../lib/gcc/arm-none-eabi/8.3.1/../../../../arm-none-eabi/lib/thumb/v6-m/nofp\libcr_newlib_semihost.a(syscalls.o)
                0x00002b90                _swistat
 .text._fstat   0x00002bd4       0x1a c:/nxp/mcuxpressoide_11.1.0_3209/ide/plugins/com.nxp.mcuxpresso.tools.win32_11.1.0.201909161352/tools/bin/../lib/gcc/arm-none-eabi/8.3.1/../../../../arm-none-eabi/lib/thumb/v6-m/nofp\libcr_newlib_semihost.a(syscalls.o)
                0x00002bd4                _fstat
 .text._isatty  0x00002bee       0x28 c:/nxp/mcuxpressoide_11.1.0_3209/ide/plugins/com.nxp.mcuxpresso.tools.win32_11.1.0.201909161352/tools/bin/../lib/gcc/arm-none-eabi/8.3.1/../../../../arm-none-eabi/lib/thumb/v6-m/nofp\libcr_newlib_semihost.a(syscalls.o)
                0x00002bee                _isatty
 *(SORT_BY_ALIGNMENT(.rodata) SORT_BY_ALIGNMENT(.rodata.*) SORT_BY_ALIGNMENT(.constdata) SORT_BY_ALIGNMENT(.constdata.*))
 *fill*         0x00002c16        0x2 ff
 .rodata._ZL14digitToSegment
                0x00002c18       0x10 ./source/TM1637Display.o
 .rodata._ZL2up
                0x00002c28        0x2 ./source/main.o
 *fill*         0x00002c2a        0x2 ff
 .rodata._ZL4down
                0x00002c2c        0x2 ./source/main.o
 *fill*         0x00002c2e        0x2 ff
 .rodata.__assert_func.str1.4
                0x00002c30       0x3e ./drivers/fsl_common.o
 *fill*         0x00002c6e        0x2 ff
 .rodata.DMA_EnableInterrupts.str1.4
                0x00002c70       0x37 ./drivers/fsl_dma.o
 *fill*         0x00002ca7        0x1 ff
 .rodata.DMA_GetInstance.str1.4
                0x00002ca8       0x2f ./drivers/fsl_dma.o
 *fill*         0x00002cd7        0x1 ff
 .rodata.DMA_CreateHandle.str1.4
                0x00002cd8        0xf ./drivers/fsl_dma.o
 *fill*         0x00002ce7        0x1 ff
 .rodata.__func__.5595
                0x00002ce8        0xe ./drivers/fsl_dma.o
 *fill*         0x00002cf6        0x2 ff
 .rodata.__func__.5463
                0x00002cf8       0x1c ./drivers/fsl_dma.o
 .rodata.SPI_GetInstance.str1.4
                0x00002d14       0x2f ./drivers/fsl_spi.o
 *fill*         0x00002d43        0x1 ff
 .rodata.SPI0_DriverIRQHandler.str1.4
                0x00002d44        0xf ./drivers/fsl_spi.o
 *fill*         0x00002d53        0x1 ff
 .rodata.SPI1_DriverIRQHandler.str1.4
                0x00002d54       0x10 ./drivers/fsl_spi.o
                                  0xf (size before relaxing)
 .rodata.__func__.5702
                0x00002d64       0x16 ./drivers/fsl_spi.o
 *fill*         0x00002d7a        0x2 ff
 .rodata.__func__.5706
                0x00002d7c       0x16 ./drivers/fsl_spi.o
 *fill*         0x00002d92        0x2 ff
 .rodata.__sf_fake_stderr
                0x00002d94       0x20 c:/nxp/mcuxpressoide_11.1.0_3209/ide/plugins/com.nxp.mcuxpresso.tools.win32_11.1.0.201909161352/tools/bin/../lib/gcc/arm-none-eabi/8.3.1/../../../../arm-none-eabi/lib/thumb/v6-m/nofp\libc_nano.a(lib_a-findfp.o)
                0x00002d94                __sf_fake_stderr
 .rodata.__sf_fake_stdin
                0x00002db4       0x20 c:/nxp/mcuxpressoide_11.1.0_3209/ide/plugins/com.nxp.mcuxpresso.tools.win32_11.1.0.201909161352/tools/bin/../lib/gcc/arm-none-eabi/8.3.1/../../../../arm-none-eabi/lib/thumb/v6-m/nofp\libc_nano.a(lib_a-findfp.o)
                0x00002db4                __sf_fake_stdin
 .rodata.__sf_fake_stdout
                0x00002dd4       0x20 c:/nxp/mcuxpressoide_11.1.0_3209/ide/plugins/com.nxp.mcuxpresso.tools.win32_11.1.0.201909161352/tools/bin/../lib/gcc/arm-none-eabi/8.3.1/../../../../arm-none-eabi/lib/thumb/v6-m/nofp\libc_nano.a(lib_a-findfp.o)
                0x00002dd4                __sf_fake_stdout
 .rodata._global_impure_ptr
                0x00002df4        0x4 c:/nxp/mcuxpressoide_11.1.0_3209/ide/plugins/com.nxp.mcuxpresso.tools.win32_11.1.0.201909161352/tools/bin/../lib/gcc/arm-none-eabi/8.3.1/../../../../arm-none-eabi/lib/thumb/v6-m/nofp\libc_nano.a(lib_a-impure.o)
                0x00002df4                _global_impure_ptr
 .rodata._vfprintf_r.str1.1
                0x00002df8       0x11 c:/nxp/mcuxpressoide_11.1.0_3209/ide/plugins/com.nxp.mcuxpresso.tools.win32_11.1.0.201909161352/tools/bin/../lib/gcc/arm-none-eabi/8.3.1/../../../../arm-none-eabi/lib/thumb/v6-m/nofp\libc_nano.a(lib_a-nano-vfprintf.o)
 .rodata._printf_i.str1.1
                0x00002e09       0x22 c:/nxp/mcuxpressoide_11.1.0_3209/ide/plugins/com.nxp.mcuxpresso.tools.win32_11.1.0.201909161352/tools/bin/../lib/gcc/arm-none-eabi/8.3.1/../../../../arm-none-eabi/lib/thumb/v6-m/nofp\libc_nano.a(lib_a-nano-vfprintf_i.o)
 .rodata.initialise_monitor_handles.str1.1
                0x00002e2b        0x4 c:/nxp/mcuxpressoide_11.1.0_3209/ide/plugins/com.nxp.mcuxpresso.tools.win32_11.1.0.201909161352/tools/bin/../lib/gcc/arm-none-eabi/8.3.1/../../../../arm-none-eabi/lib/thumb/v6-m/nofp\libcr_newlib_semihost.a(syscalls.o)
                0x00002e30                . = ALIGN (0x4)
 *fill*         0x00002e2f        0x1 ff
                0x00002e30                . = ALIGN (0x4)
 *(SORT_BY_ALIGNMENT(.init))
 .init          0x00002e30        0x4 c:/nxp/mcuxpressoide_11.1.0_3209/ide/plugins/com.nxp.mcuxpresso.tools.win32_11.1.0.201909161352/tools/bin/../lib/gcc/arm-none-eabi/8.3.1/thumb/v6-m/nofp\crti.o
                0x00002e30                _init
 .init          0x00002e34        0x8 c:/nxp/mcuxpressoide_11.1.0_3209/ide/plugins/com.nxp.mcuxpresso.tools.win32_11.1.0.201909161352/tools/bin/../lib/gcc/arm-none-eabi/8.3.1/thumb/v6-m/nofp\crtn.o
                0x00002e3c                . = ALIGN (0x4)
                0x00002e3c                __preinit_array_start = .
 *(SORT_BY_ALIGNMENT(.preinit_array))
                0x00002e3c                __preinit_array_end = .
                0x00002e3c                . = ALIGN (0x4)
                0x00002e3c                __init_array_start = .
 *(SORT_BY_NAME(SORT_BY_ALIGNMENT(.init_array.*)))
 *(SORT_BY_ALIGNMENT(.init_array))
 .init_array    0x00002e3c        0x4 ./source/main.o
 .init_array    0x00002e40        0x4 c:/nxp/mcuxpressoide_11.1.0_3209/ide/plugins/com.nxp.mcuxpresso.tools.win32_11.1.0.201909161352/tools/bin/../lib/gcc/arm-none-eabi/8.3.1/thumb/v6-m/nofp\crtbegin.o
                0x00002e44                __init_array_end = .
 *(SORT_BY_ALIGNMENT(.fini))
 .fini          0x00002e44        0x4 c:/nxp/mcuxpressoide_11.1.0_3209/ide/plugins/com.nxp.mcuxpresso.tools.win32_11.1.0.201909161352/tools/bin/../lib/gcc/arm-none-eabi/8.3.1/thumb/v6-m/nofp\crti.o
                0x00002e44                _fini
 .fini          0x00002e48        0x8 c:/nxp/mcuxpressoide_11.1.0_3209/ide/plugins/com.nxp.mcuxpresso.tools.win32_11.1.0.201909161352/tools/bin/../lib/gcc/arm-none-eabi/8.3.1/thumb/v6-m/nofp\crtn.o
                0x00002e50                . = ALIGN (0x4)
 *crtbegin.o(SORT_BY_ALIGNMENT(.ctors))
 *(SORT_BY_ALIGNMENT(EXCLUDE_FILE(*crtend.o) .ctors))
 *(SORT_BY_NAME(SORT_BY_ALIGNMENT(.ctors.*)))
 *crtend.o(SORT_BY_ALIGNMENT(.ctors))
                0x00002e50                . = ALIGN (0x4)
 *crtbegin.o(SORT_BY_ALIGNMENT(.dtors))
 *(SORT_BY_ALIGNMENT(EXCLUDE_FILE(*crtend.o) .dtors))
 *(SORT_BY_NAME(SORT_BY_ALIGNMENT(.dtors.*)))
 *crtend.o(SORT_BY_ALIGNMENT(.dtors))
                0x00002e50                . = ALIGN (0x4)

.glue_7         0x00002e50        0x0
 .glue_7        0x00002e50        0x0 linker stubs

.glue_7t        0x00002e50        0x0
 .glue_7t       0x00002e50        0x0 linker stubs

.vfp11_veneer   0x00002e50        0x0
 .vfp11_veneer  0x00002e50        0x0 linker stubs

.v4_bx          0x00002e50        0x0
 .v4_bx         0x00002e50        0x0 linker stubs

.iplt           0x00002e50        0x0
 .iplt          0x00002e50        0x0 ./startup/startup_mkl25z4.o

.rel.dyn        0x00002e50        0x0
 .rel.iplt      0x00002e50        0x0 ./startup/startup_mkl25z4.o

.eh_frame       0x00002e50        0x0
 .eh_frame      0x00002e50        0x0 c:/nxp/mcuxpressoide_11.1.0_3209/ide/plugins/com.nxp.mcuxpresso.tools.win32_11.1.0.201909161352/tools/bin/../lib/gcc/arm-none-eabi/8.3.1/thumb/v6-m/nofp\crtbegin.o

.ARM.extab
 *(SORT_BY_ALIGNMENT(.ARM.extab*) SORT_BY_ALIGNMENT(.gnu.linkonce.armextab.*))
                0x00002e50                __exidx_start = .

.ARM.exidx
 *(SORT_BY_ALIGNMENT(.ARM.exidx*) SORT_BY_ALIGNMENT(.gnu.linkonce.armexidx.*))
                0x00002e50                __exidx_end = .
                0x00002e50                _etext = .

.m_usb_data
 *(SORT_BY_ALIGNMENT(m_usb_bdt))

.mtb_buffer_default
 *(SORT_BY_ALIGNMENT(.mtb*))

.uninit_RESERVED
                0x1ffff000        0x0
                0x1ffff000                _start_uninit_RESERVED = .
 *(SORT_BY_ALIGNMENT(.bss.$RESERVED*))
                0x1ffff000                . = ALIGN (0x4)
                0x1ffff000                _end_uninit_RESERVED = .

.data           0x1ffff000       0x68 load address 0x00002e50
 FILL mask 0xff
                0x1ffff000                _data = .
                [!provide]                PROVIDE (__start_data_RAM = .)
                [!provide]                PROVIDE (__start_data_SRAM = .)
 *(SORT_BY_ALIGNMENT(vtable))
 *(SORT_BY_ALIGNMENT(.ramfunc*))
 *(SORT_BY_ALIGNMENT(CodeQuickAccess))
 *(SORT_BY_ALIGNMENT(DataQuickAccess))
 *(SORT_BY_ALIGNMENT(RamFunction))
 *(SORT_BY_ALIGNMENT(.data*))
 .data._impure_ptr
                0x1ffff000        0x4 c:/nxp/mcuxpressoide_11.1.0_3209/ide/plugins/com.nxp.mcuxpresso.tools.win32_11.1.0.201909161352/tools/bin/../lib/gcc/arm-none-eabi/8.3.1/../../../../arm-none-eabi/lib/thumb/v6-m/nofp\libc_nano.a(lib_a-impure.o)
                0x1ffff000                _impure_ptr
 .data.impure_data
                0x1ffff004       0x60 c:/nxp/mcuxpressoide_11.1.0_3209/ide/plugins/com.nxp.mcuxpresso.tools.win32_11.1.0.201909161352/tools/bin/../lib/gcc/arm-none-eabi/8.3.1/../../../../arm-none-eabi/lib/thumb/v6-m/nofp\libc_nano.a(lib_a-impure.o)
 .data          0x1ffff064        0x4 c:/nxp/mcuxpressoide_11.1.0_3209/ide/plugins/com.nxp.mcuxpresso.tools.win32_11.1.0.201909161352/tools/bin/../lib/gcc/arm-none-eabi/8.3.1/thumb/v6-m/nofp\crtbegin.o
                0x1ffff064                __dso_handle
                0x1ffff068                . = ALIGN (0x4)
                0x1ffff068                _edata = .
                [!provide]                PROVIDE (__end_data_RAM = .)
                [!provide]                PROVIDE (__end_data_SRAM = .)

.igot.plt       0x1ffff068        0x0 load address 0x00002eb8
 .igot.plt      0x1ffff068        0x0 ./startup/startup_mkl25z4.o

.bss            0x1ffff068      0x1a0
                0x1ffff068                _bss = .
                [!provide]                PROVIDE (__start_bss_RAM = .)
                [!provide]                PROVIDE (__start_bss_SRAM = .)
 *(SORT_BY_ALIGNMENT(.bss*))
 .bss.dio       0x1ffff068       0x38 ./source/main.o
                0x1ffff068                dio
 .bss.clk       0x1ffff0a0       0x38 ./source/main.o
                0x1ffff0a0                clk
 .bss.display   0x1ffff0d8       0x78 ./source/main.o
                0x1ffff0d8                display
 .bss.s_DMAHandle
                0x1ffff150       0x10 ./drivers/fsl_dma.o
 .bss.s_i2cHandle
                0x1ffff160        0x8 ./drivers/fsl_i2c.o
 .bss.s_i2cMasterIsr
                0x1ffff168        0x4 ./drivers/fsl_i2c.o
 .bss.s_i2cSlaveIsr
                0x1ffff16c        0x4 ./drivers/fsl_i2c.o
 .bss.s_lpsciHandle
                0x1ffff170        0x4 ./drivers/fsl_lpsci.o
 .bss.s_lpsciIsr
                0x1ffff174        0x4 ./drivers/fsl_lpsci.o
 .bss.s_spiHandle
                0x1ffff178        0x8 ./drivers/fsl_spi.o
 .bss.s_spiMasterIsr
                0x1ffff180        0x4 ./drivers/fsl_spi.o
 .bss.s_spiSlaveIsr
                0x1ffff184        0x4 ./drivers/fsl_spi.o
 .bss.s_uartHandle
                0x1ffff188        0xc ./drivers/fsl_uart.o
 .bss.s_uartIsr
                0x1ffff194        0x4 ./drivers/fsl_uart.o
 .bss.__malloc_free_list
                0x1ffff198        0x4 c:/nxp/mcuxpressoide_11.1.0_3209/ide/plugins/com.nxp.mcuxpresso.tools.win32_11.1.0.201909161352/tools/bin/../lib/gcc/arm-none-eabi/8.3.1/../../../../arm-none-eabi/lib/thumb/v6-m/nofp\libc_nano.a(lib_a-nano-mallocr.o)
                0x1ffff198                __malloc_free_list
 .bss.__malloc_sbrk_start
                0x1ffff19c        0x4 c:/nxp/mcuxpressoide_11.1.0_3209/ide/plugins/com.nxp.mcuxpresso.tools.win32_11.1.0.201909161352/tools/bin/../lib/gcc/arm-none-eabi/8.3.1/../../../../arm-none-eabi/lib/thumb/v6-m/nofp\libc_nano.a(lib_a-nano-mallocr.o)
                0x1ffff19c                __malloc_sbrk_start
 .bss.__end_of_heap
                0x1ffff1a0        0x4 c:/nxp/mcuxpressoide_11.1.0_3209/ide/plugins/com.nxp.mcuxpresso.tools.win32_11.1.0.201909161352/tools/bin/../lib/gcc/arm-none-eabi/8.3.1/../../../../arm-none-eabi/lib/thumb/v6-m/nofp\libcr_newlib_semihost.a(_cr_sbrk.o)
                0x1ffff1a0                __end_of_heap
 .bss.initialized.5735
                0x1ffff1a4        0x4 c:/nxp/mcuxpressoide_11.1.0_3209/ide/plugins/com.nxp.mcuxpresso.tools.win32_11.1.0.201909161352/tools/bin/../lib/gcc/arm-none-eabi/8.3.1/../../../../arm-none-eabi/lib/thumb/v6-m/nofp\libcr_newlib_semihost.a(syscalls.o)
 .bss.monitor_stderr
                0x1ffff1a8        0x4 c:/nxp/mcuxpressoide_11.1.0_3209/ide/plugins/com.nxp.mcuxpresso.tools.win32_11.1.0.201909161352/tools/bin/../lib/gcc/arm-none-eabi/8.3.1/../../../../arm-none-eabi/lib/thumb/v6-m/nofp\libcr_newlib_semihost.a(syscalls.o)
 .bss.monitor_stdin
                0x1ffff1ac        0x4 c:/nxp/mcuxpressoide_11.1.0_3209/ide/plugins/com.nxp.mcuxpresso.tools.win32_11.1.0.201909161352/tools/bin/../lib/gcc/arm-none-eabi/8.3.1/../../../../arm-none-eabi/lib/thumb/v6-m/nofp\libcr_newlib_semihost.a(syscalls.o)
 .bss.monitor_stdout
                0x1ffff1b0        0x4 c:/nxp/mcuxpressoide_11.1.0_3209/ide/plugins/com.nxp.mcuxpresso.tools.win32_11.1.0.201909161352/tools/bin/../lib/gcc/arm-none-eabi/8.3.1/../../../../arm-none-eabi/lib/thumb/v6-m/nofp\libcr_newlib_semihost.a(syscalls.o)
 .bss.openfiles
                0x1ffff1b4       0x28 c:/nxp/mcuxpressoide_11.1.0_3209/ide/plugins/com.nxp.mcuxpresso.tools.win32_11.1.0.201909161352/tools/bin/../lib/gcc/arm-none-eabi/8.3.1/../../../../arm-none-eabi/lib/thumb/v6-m/nofp\libcr_newlib_semihost.a(syscalls.o)
 .bss           0x1ffff1dc       0x1c c:/nxp/mcuxpressoide_11.1.0_3209/ide/plugins/com.nxp.mcuxpresso.tools.win32_11.1.0.201909161352/tools/bin/../lib/gcc/arm-none-eabi/8.3.1/thumb/v6-m/nofp\crtbegin.o
 *(SORT_BY_ALIGNMENT(COMMON))
 COMMON         0x1ffff1f8        0x4 c:/nxp/mcuxpressoide_11.1.0_3209/ide/plugins/com.nxp.mcuxpresso.tools.win32_11.1.0.201909161352/tools/bin/../lib/gcc/arm-none-eabi/8.3.1/../../../../arm-none-eabi/lib/thumb/v6-m/nofp\libc_nano.a(lib_a-reent.o)
                0x1ffff1f8                errno
 COMMON         0x1ffff1fc        0x9 c:/nxp/mcuxpressoide_11.1.0_3209/ide/plugins/com.nxp.mcuxpresso.tools.win32_11.1.0.201909161352/tools/bin/../lib/gcc/arm-none-eabi/8.3.1/../../../../arm-none-eabi/lib/thumb/v6-m/nofp\libc_nano.a(lib_a-lock.o)
                0x1ffff1fc                __lock___atexit_recursive_mutex
                0x1ffff1fd                __lock___arc4random_mutex
                0x1ffff1fe                __lock___env_recursive_mutex
                0x1ffff1ff                __lock___sinit_recursive_mutex
                0x1ffff200                __lock___malloc_recursive_mutex
                0x1ffff201                __lock___at_quick_exit_mutex
                0x1ffff202                __lock___dd_hash_mutex
                0x1ffff203                __lock___tz_mutex
                0x1ffff204                __lock___sfp_recursive_mutex
                0x1ffff208                . = ALIGN (0x4)
 *fill*         0x1ffff205        0x3 
                0x1ffff208                _ebss = .
                [!provide]                PROVIDE (__end_bss_RAM = .)
                [!provide]                PROVIDE (__end_bss_SRAM = .)
                [!provide]                PROVIDE (end = .)

.noinit         0x1ffff208        0x0
                0x1ffff208                _noinit = .
                [!provide]                PROVIDE (__start_noinit_RAM = .)
                [!provide]                PROVIDE (__start_noinit_SRAM = .)
 *(SORT_BY_ALIGNMENT(.noinit*))
                0x1ffff208                . = ALIGN (0x4)
                0x1ffff208                _end_noinit = .
                [!provide]                PROVIDE (__end_noinit_RAM = .)
                [!provide]                PROVIDE (__end_noinit_SRAM = .)
                0x00000400                _HeapSize = 0x400

.heap           0x1ffff208      0x400
                0x1ffff208                _pvHeapStart = .
                0x1ffff608                . = (. + _HeapSize)
 *fill*         0x1ffff208      0x400 
                0x1ffff608                . = ALIGN (0x4)
                0x1ffff608                _pvHeapLimit = .
                0x00000400                _StackSize = 0x400

.heap2stackfill
                0x1ffff608      0x400
                0x1ffffa08                . = (. + _StackSize)
 *fill*         0x1ffff608      0x400 

.stack          0x20002c00        0x0
                0x20002c00                _vStackBase = .
                0x20002c00                . = ALIGN (0x4)
                0x20003000                _vStackTop = (. + _StackSize)
                0x00000000                _image_start = LOADADDR (.text)
                0x00002eb8                _image_end = (LOADADDR (.data) + SIZEOF (.data))
                0x00002eb8                _image_size = (_image_end - _image_start)
OUTPUT(Display_TM1637.axf elf32-littlearm)

.debug_info     0x00000000    0x255fd
 .debug_info    0x00000000      0x4e2 ./startup/startup_mkl25z4.o
 .debug_info    0x000004e2     0x60c8 ./source/Callback.o
 .debug_info    0x000065aa     0x71a3 ./source/TM1637Display.o
 .debug_info    0x0000d74d     0x6949 ./source/main.o
 .debug_info    0x00014096     0x69ba ./source/mkl_DevGPIO.o
 .debug_info    0x0001aa50      0xceb ./drivers/fsl_common.o
 .debug_info    0x0001b73b     0x1976 ./drivers/fsl_dma.o
 .debug_info    0x0001d0b1     0x2510 ./drivers/fsl_i2c.o
 .debug_info    0x0001f5c1     0x1f30 ./drivers/fsl_lpsci.o
 .debug_info    0x000214f1     0x1e3a ./drivers/fsl_spi.o
 .debug_info    0x0002332b     0x1ead ./drivers/fsl_uart.o
 .debug_info    0x000251d8      0x425 ./CMSIS/system_MKL25Z4.o

.debug_abbrev   0x00000000     0x402c
 .debug_abbrev  0x00000000      0x183 ./startup/startup_mkl25z4.o
 .debug_abbrev  0x00000183      0x90b ./source/Callback.o
 .debug_abbrev  0x00000a8e      0xa17 ./source/TM1637Display.o
 .debug_abbrev  0x000014a5      0x9c6 ./source/main.o
 .debug_abbrev  0x00001e6b      0x9fa ./source/mkl_DevGPIO.o
 .debug_abbrev  0x00002865      0x37c ./drivers/fsl_common.o
 .debug_abbrev  0x00002be1      0x38a ./drivers/fsl_dma.o
 .debug_abbrev  0x00002f6b      0x42a ./drivers/fsl_i2c.o
 .debug_abbrev  0x00003395      0x3c5 ./drivers/fsl_lpsci.o
 .debug_abbrev  0x0000375a      0x3c5 ./drivers/fsl_spi.o
 .debug_abbrev  0x00003b1f      0x3df ./drivers/fsl_uart.o
 .debug_abbrev  0x00003efe      0x12e ./CMSIS/system_MKL25Z4.o

.debug_aranges  0x00000000      0xac0
 .debug_aranges
                0x00000000      0x160 ./startup/startup_mkl25z4.o
 .debug_aranges
                0x00000160       0xb8 ./source/Callback.o
 .debug_aranges
                0x00000218      0x118 ./source/TM1637Display.o
 .debug_aranges
                0x00000330       0x98 ./source/main.o
 .debug_aranges
                0x000003c8       0xd8 ./source/mkl_DevGPIO.o
 .debug_aranges
                0x000004a0       0x38 ./drivers/fsl_common.o
 .debug_aranges
                0x000004d8       0xd0 ./drivers/fsl_dma.o
 .debug_aranges
                0x000005a8      0x178 ./drivers/fsl_i2c.o
 .debug_aranges
                0x00000720      0x118 ./drivers/fsl_lpsci.o
 .debug_aranges
                0x00000838      0x130 ./drivers/fsl_spi.o
 .debug_aranges
                0x00000968      0x130 ./drivers/fsl_uart.o
 .debug_aranges
                0x00000a98       0x28 ./CMSIS/system_MKL25Z4.o

.debug_ranges   0x00000000      0xa00
 .debug_ranges  0x00000000      0x150 ./startup/startup_mkl25z4.o
 .debug_ranges  0x00000150       0xa8 ./source/Callback.o
 .debug_ranges  0x000001f8      0x108 ./source/TM1637Display.o
 .debug_ranges  0x00000300       0x88 ./source/main.o
 .debug_ranges  0x00000388       0xc8 ./source/mkl_DevGPIO.o
 .debug_ranges  0x00000450       0x28 ./drivers/fsl_common.o
 .debug_ranges  0x00000478       0xc0 ./drivers/fsl_dma.o
 .debug_ranges  0x00000538      0x168 ./drivers/fsl_i2c.o
 .debug_ranges  0x000006a0      0x108 ./drivers/fsl_lpsci.o
 .debug_ranges  0x000007a8      0x120 ./drivers/fsl_spi.o
 .debug_ranges  0x000008c8      0x120 ./drivers/fsl_uart.o
 .debug_ranges  0x000009e8       0x18 ./CMSIS/system_MKL25Z4.o

.debug_macro    0x00000000     0x6248
 .debug_macro   0x00000000       0x2a ./startup/startup_mkl25z4.o
 .debug_macro   0x0000002a      0xb74 ./startup/startup_mkl25z4.o
 .debug_macro   0x00000b9e      0x57c ./source/Callback.o
 .debug_macro   0x0000111a      0x16f ./source/Callback.o
 .debug_macro   0x00001289       0x10 ./source/Callback.o
 .debug_macro   0x00001299      0x3ed ./source/Callback.o
 .debug_macro   0x00001686       0x28 ./source/Callback.o
 .debug_macro   0x000016ae       0x41 ./source/Callback.o
 .debug_macro   0x000016ef       0x12 ./source/Callback.o
 .debug_macro   0x00001701       0x1c ./source/Callback.o
 .debug_macro   0x0000171d      0x17b ./source/Callback.o
 .debug_macro   0x00001898       0x10 ./source/Callback.o
 .debug_macro   0x000018a8       0x27 ./source/Callback.o
 .debug_macro   0x000018cf       0x18 ./source/Callback.o
 .debug_macro   0x000018e7       0x6e ./source/Callback.o
 .debug_macro   0x00001955       0x2e ./source/Callback.o
 .debug_macro   0x00001983       0x19 ./source/Callback.o
 .debug_macro   0x0000199c       0x76 ./source/Callback.o
 .debug_macro   0x00001a12       0x19 ./source/Callback.o
 .debug_macro   0x00001a2b       0x34 ./source/Callback.o
 .debug_macro   0x00001a5f       0x43 ./source/Callback.o
 .debug_macro   0x00001aa2       0x1c ./source/Callback.o
 .debug_macro   0x00001abe       0x3c ./source/Callback.o
 .debug_macro   0x00001afa      0x35c ./source/Callback.o
 .debug_macro   0x00001e56       0x10 ./source/Callback.o
 .debug_macro   0x00001e66       0x1c ./source/Callback.o
 .debug_macro   0x00001e82       0x33 ./source/Callback.o
 .debug_macro   0x00001eb5      0x173 ./source/Callback.o
 .debug_macro   0x00002028      0x34e ./source/Callback.o
 .debug_macro   0x00002376       0x17 ./source/Callback.o
 .debug_macro   0x0000238d       0x35 ./source/Callback.o
 .debug_macro   0x000023c2       0x5e ./source/Callback.o
 .debug_macro   0x00002420       0x16 ./source/Callback.o
 .debug_macro   0x00002436       0x52 ./source/Callback.o
 .debug_macro   0x00002488       0x5e ./source/Callback.o
 .debug_macro   0x000024e6       0x11 ./source/Callback.o
 .debug_macro   0x000024f7       0x2f ./source/Callback.o
 .debug_macro   0x00002526       0x16 ./source/Callback.o
 .debug_macro   0x0000253c       0x10 ./source/Callback.o
 .debug_macro   0x0000254c       0x10 ./source/Callback.o
 .debug_macro   0x0000255c       0x1c ./source/Callback.o
 .debug_macro   0x00002578       0xde ./source/Callback.o
 .debug_macro   0x00002656      0x130 ./source/Callback.o
 .debug_macro   0x00002786      0x11d ./source/Callback.o
 .debug_macro   0x000028a3       0x10 ./source/Callback.o
 .debug_macro   0x000028b3      0x241 ./source/Callback.o
 .debug_macro   0x00002af4       0x17 ./source/Callback.o
 .debug_macro   0x00002b0b       0x22 ./source/Callback.o
 .debug_macro   0x00002b2d       0x20 ./source/Callback.o
 .debug_macro   0x00002b4d      0x660 ./source/TM1637Display.o
 .debug_macro   0x000031ad      0x10e ./source/TM1637Display.o
 .debug_macro   0x000032bb       0x94 ./source/TM1637Display.o
 .debug_macro   0x0000334f      0x3e5 ./source/TM1637Display.o
 .debug_macro   0x00003734       0x16 ./source/TM1637Display.o
 .debug_macro   0x0000374a      0x51a ./source/TM1637Display.o
 .debug_macro   0x00003c64      0x329 ./source/TM1637Display.o
 .debug_macro   0x00003f8d      0x23f ./source/TM1637Display.o
 .debug_macro   0x000041cc       0x22 ./source/TM1637Display.o
 .debug_macro   0x000041ee       0x3f ./source/TM1637Display.o
 .debug_macro   0x0000422d       0x10 ./source/TM1637Display.o
 .debug_macro   0x0000423d      0x11b ./source/TM1637Display.o
 .debug_macro   0x00004358       0x3a ./source/TM1637Display.o
 .debug_macro   0x00004392      0x615 ./source/main.o
 .debug_macro   0x000049a7       0x34 ./source/main.o
 .debug_macro   0x000049db      0x23f ./source/main.o
 .debug_macro   0x00004c1a       0x10 ./source/main.o
 .debug_macro   0x00004c2a      0x432 ./source/main.o
 .debug_macro   0x0000505c      0x5d5 ./source/mkl_DevGPIO.o
 .debug_macro   0x00005631      0x282 ./drivers/fsl_common.o
 .debug_macro   0x000058b3      0x1be ./drivers/fsl_dma.o
 .debug_macro   0x00005a71      0x1bd ./drivers/fsl_i2c.o
 .debug_macro   0x00005c2e       0x10 ./drivers/fsl_i2c.o
 .debug_macro   0x00005c3e      0x1be ./drivers/fsl_lpsci.o
 .debug_macro   0x00005dfc      0x1bd ./drivers/fsl_spi.o
 .debug_macro   0x00005fb9       0x10 ./drivers/fsl_spi.o
 .debug_macro   0x00005fc9      0x1c4 ./drivers/fsl_uart.o
 .debug_macro   0x0000618d       0xbb ./CMSIS/system_MKL25Z4.o

.debug_line     0x00000000     0x9812
 .debug_line    0x00000000      0x1ff ./startup/startup_mkl25z4.o
 .debug_line    0x000001ff      0xee1 ./source/Callback.o
 .debug_line    0x000010e0     0x135c ./source/TM1637Display.o
 .debug_line    0x0000243c      0xf31 ./source/main.o
 .debug_line    0x0000336d     0x10de ./source/mkl_DevGPIO.o
 .debug_line    0x0000444b      0x68a ./drivers/fsl_common.o
 .debug_line    0x00004ad5      0x90f ./drivers/fsl_dma.o
 .debug_line    0x000053e4     0x1482 ./drivers/fsl_i2c.o
 .debug_line    0x00006866      0xf3e ./drivers/fsl_lpsci.o
 .debug_line    0x000077a4      0xcc0 ./drivers/fsl_spi.o
 .debug_line    0x00008464      0xf2c ./drivers/fsl_uart.o
 .debug_line    0x00009390      0x482 ./CMSIS/system_MKL25Z4.o

.debug_str      0x00000000    0x463b3
 .debug_str     0x00000000     0x3568 ./startup/startup_mkl25z4.o
                               0x359d (size before relaxing)
 .debug_str     0x00003568     0xefc7 ./source/Callback.o
                              0x127f2 (size before relaxing)
 .debug_str     0x0001252f    0x27ee7 ./source/TM1637Display.o
                              0x3a951 (size before relaxing)
 .debug_str     0x0003a416      0x261 ./source/main.o
                              0x39590 (size before relaxing)
 .debug_str     0x0003a677      0x209 ./source/mkl_DevGPIO.o
                              0x380d7 (size before relaxing)
 .debug_str     0x0003a880     0x8504 ./drivers/fsl_common.o
                              0x341ca (size before relaxing)
 .debug_str     0x00042d84      0xe52 ./drivers/fsl_dma.o
                              0x33c70 (size before relaxing)
 .debug_str     0x00043bd6      0xc28 ./drivers/fsl_i2c.o
                              0x34187 (size before relaxing)
 .debug_str     0x000447fe      0xa57 ./drivers/fsl_lpsci.o
                              0x33fb5 (size before relaxing)
 .debug_str     0x00045255      0x7bd ./drivers/fsl_spi.o
                              0x33d77 (size before relaxing)
 .debug_str     0x00045a12      0x93d ./drivers/fsl_uart.o
                              0x33fd8 (size before relaxing)
 .debug_str     0x0004634f       0x64 ./CMSIS/system_MKL25Z4.o
                              0x2f445 (size before relaxing)

.comment        0x00000000       0x76
 .comment       0x00000000       0x76 ./startup/startup_mkl25z4.o
                                 0x77 (size before relaxing)
 .comment       0x00000076       0x77 ./source/Callback.o
 .comment       0x00000076       0x77 ./source/TM1637Display.o
 .comment       0x00000076       0x77 ./source/main.o
 .comment       0x00000076       0x77 ./source/mkl_DevGPIO.o
 .comment       0x00000076       0x77 ./drivers/fsl_common.o
 .comment       0x00000076       0x77 ./drivers/fsl_dma.o
 .comment       0x00000076       0x77 ./drivers/fsl_i2c.o
 .comment       0x00000076       0x77 ./drivers/fsl_lpsci.o
 .comment       0x00000076       0x77 ./drivers/fsl_spi.o
 .comment       0x00000076       0x77 ./drivers/fsl_uart.o
 .comment       0x00000076       0x77 ./CMSIS/system_MKL25Z4.o
 .comment       0x00000076       0x77 c:/nxp/mcuxpressoide_11.1.0_3209/ide/plugins/com.nxp.mcuxpresso.tools.win32_11.1.0.201909161352/tools/bin/../lib/gcc/arm-none-eabi/8.3.1/../../../../arm-none-eabi/lib/thumb/v6-m/nofp\libcr_newlib_semihost.a(_cr_sbrk.o)
 .comment       0x00000076       0x77 c:/nxp/mcuxpressoide_11.1.0_3209/ide/plugins/com.nxp.mcuxpresso.tools.win32_11.1.0.201909161352/tools/bin/../lib/gcc/arm-none-eabi/8.3.1/../../../../arm-none-eabi/lib/thumb/v6-m/nofp\libcr_newlib_semihost.a(syscalls.o)
 .comment       0x00000076       0x77 c:/nxp/mcuxpressoide_11.1.0_3209/ide/plugins/com.nxp.mcuxpresso.tools.win32_11.1.0.201909161352/tools/bin/../lib/gcc/arm-none-eabi/8.3.1/../../../../arm-none-eabi/lib/thumb/v6-m/nofp\libcr_newlib_semihost.a(_cr_check_heap.o)

.ARM.attributes
                0x00000000       0x2a
 .ARM.attributes
                0x00000000       0x2c ./startup/startup_mkl25z4.o
 .ARM.attributes
                0x0000002c       0x2c ./source/Callback.o
 .ARM.attributes
                0x00000058       0x2c ./source/TM1637Display.o
 .ARM.attributes
                0x00000084       0x2c ./source/main.o
 .ARM.attributes
                0x000000b0       0x2c ./source/mkl_DevGPIO.o
 .ARM.attributes
                0x000000dc       0x2c ./drivers/fsl_common.o
 .ARM.attributes
                0x00000108       0x2c ./drivers/fsl_dma.o
 .ARM.attributes
                0x00000134       0x2c ./drivers/fsl_i2c.o
 .ARM.attributes
                0x00000160       0x2c ./drivers/fsl_lpsci.o
 .ARM.attributes
                0x0000018c       0x2c ./drivers/fsl_spi.o
 .ARM.attributes
                0x000001b8       0x2c ./drivers/fsl_uart.o
 .ARM.attributes
                0x000001e4       0x2c ./CMSIS/system_MKL25Z4.o
 .ARM.attributes
                0x00000210       0x1e c:/nxp/mcuxpressoide_11.1.0_3209/ide/plugins/com.nxp.mcuxpresso.tools.win32_11.1.0.201909161352/tools/bin/../lib/gcc/arm-none-eabi/8.3.1/thumb/v6-m/nofp\libgcc.a(_udivsi3.o)
 .ARM.attributes
                0x0000022e       0x1e c:/nxp/mcuxpressoide_11.1.0_3209/ide/plugins/com.nxp.mcuxpresso.tools.win32_11.1.0.201909161352/tools/bin/../lib/gcc/arm-none-eabi/8.3.1/thumb/v6-m/nofp\libgcc.a(_divsi3.o)
 .ARM.attributes
                0x0000024c       0x1e c:/nxp/mcuxpressoide_11.1.0_3209/ide/plugins/com.nxp.mcuxpresso.tools.win32_11.1.0.201909161352/tools/bin/../lib/gcc/arm-none-eabi/8.3.1/thumb/v6-m/nofp\libgcc.a(_dvmd_tls.o)
 .ARM.attributes
                0x0000026a       0x2c c:/nxp/mcuxpressoide_11.1.0_3209/ide/plugins/com.nxp.mcuxpresso.tools.win32_11.1.0.201909161352/tools/bin/../lib/gcc/arm-none-eabi/8.3.1/../../../../arm-none-eabi/lib/thumb/v6-m/nofp\libc_nano.a(lib_a-aeabi_atexit.o)
 .ARM.attributes
                0x00000296       0x2c c:/nxp/mcuxpressoide_11.1.0_3209/ide/plugins/com.nxp.mcuxpresso.tools.win32_11.1.0.201909161352/tools/bin/../lib/gcc/arm-none-eabi/8.3.1/../../../../arm-none-eabi/lib/thumb/v6-m/nofp\libc_nano.a(lib_a-cxa_atexit.o)
 .ARM.attributes
                0x000002c2       0x2c c:/nxp/mcuxpressoide_11.1.0_3209/ide/plugins/com.nxp.mcuxpresso.tools.win32_11.1.0.201909161352/tools/bin/../lib/gcc/arm-none-eabi/8.3.1/../../../../arm-none-eabi/lib/thumb/v6-m/nofp\libc_nano.a(lib_a-init.o)
 .ARM.attributes
                0x000002ee       0x2c c:/nxp/mcuxpressoide_11.1.0_3209/ide/plugins/com.nxp.mcuxpresso.tools.win32_11.1.0.201909161352/tools/bin/../lib/gcc/arm-none-eabi/8.3.1/../../../../arm-none-eabi/lib/thumb/v6-m/nofp\libc_nano.a(lib_a-memset.o)
 .ARM.attributes
                0x0000031a       0x2c c:/nxp/mcuxpressoide_11.1.0_3209/ide/plugins/com.nxp.mcuxpresso.tools.win32_11.1.0.201909161352/tools/bin/../lib/gcc/arm-none-eabi/8.3.1/../../../../arm-none-eabi/lib/thumb/v6-m/nofp\libc_nano.a(lib_a-printf.o)
 .ARM.attributes
                0x00000346       0x2c c:/nxp/mcuxpressoide_11.1.0_3209/ide/plugins/com.nxp.mcuxpresso.tools.win32_11.1.0.201909161352/tools/bin/../lib/gcc/arm-none-eabi/8.3.1/../../../../arm-none-eabi/lib/thumb/v6-m/nofp\libc_nano.a(lib_a-findfp.o)
 .ARM.attributes
                0x00000372       0x2c c:/nxp/mcuxpressoide_11.1.0_3209/ide/plugins/com.nxp.mcuxpresso.tools.win32_11.1.0.201909161352/tools/bin/../lib/gcc/arm-none-eabi/8.3.1/../../../../arm-none-eabi/lib/thumb/v6-m/nofp\libc_nano.a(lib_a-fwalk.o)
 .ARM.attributes
                0x0000039e       0x2c c:/nxp/mcuxpressoide_11.1.0_3209/ide/plugins/com.nxp.mcuxpresso.tools.win32_11.1.0.201909161352/tools/bin/../lib/gcc/arm-none-eabi/8.3.1/../../../../arm-none-eabi/lib/thumb/v6-m/nofp\libc_nano.a(lib_a-impure.o)
 .ARM.attributes
                0x000003ca       0x2c c:/nxp/mcuxpressoide_11.1.0_3209/ide/plugins/com.nxp.mcuxpresso.tools.win32_11.1.0.201909161352/tools/bin/../lib/gcc/arm-none-eabi/8.3.1/../../../../arm-none-eabi/lib/thumb/v6-m/nofp\libc_nano.a(lib_a-lock.o)
 .ARM.attributes
                0x000003f6       0x2c c:/nxp/mcuxpressoide_11.1.0_3209/ide/plugins/com.nxp.mcuxpresso.tools.win32_11.1.0.201909161352/tools/bin/../lib/gcc/arm-none-eabi/8.3.1/../../../../arm-none-eabi/lib/thumb/v6-m/nofp\libc_nano.a(lib_a-nano-mallocr.o)
 .ARM.attributes
                0x00000422       0x2c c:/nxp/mcuxpressoide_11.1.0_3209/ide/plugins/com.nxp.mcuxpresso.tools.win32_11.1.0.201909161352/tools/bin/../lib/gcc/arm-none-eabi/8.3.1/../../../../arm-none-eabi/lib/thumb/v6-m/nofp\libc_nano.a(lib_a-nano-vfprintf.o)
 .ARM.attributes
                0x0000044e       0x2c c:/nxp/mcuxpressoide_11.1.0_3209/ide/plugins/com.nxp.mcuxpresso.tools.win32_11.1.0.201909161352/tools/bin/../lib/gcc/arm-none-eabi/8.3.1/../../../../arm-none-eabi/lib/thumb/v6-m/nofp\libc_nano.a(lib_a-nano-vfprintf_i.o)
 .ARM.attributes
                0x0000047a       0x2c c:/nxp/mcuxpressoide_11.1.0_3209/ide/plugins/com.nxp.mcuxpresso.tools.win32_11.1.0.201909161352/tools/bin/../lib/gcc/arm-none-eabi/8.3.1/../../../../arm-none-eabi/lib/thumb/v6-m/nofp\libc_nano.a(lib_a-sbrkr.o)
 .ARM.attributes
                0x000004a6       0x2c c:/nxp/mcuxpressoide_11.1.0_3209/ide/plugins/com.nxp.mcuxpresso.tools.win32_11.1.0.201909161352/tools/bin/../lib/gcc/arm-none-eabi/8.3.1/../../../../arm-none-eabi/lib/thumb/v6-m/nofp\libc_nano.a(lib_a-stdio.o)
 .ARM.attributes
                0x000004d2       0x2c c:/nxp/mcuxpressoide_11.1.0_3209/ide/plugins/com.nxp.mcuxpresso.tools.win32_11.1.0.201909161352/tools/bin/../lib/gcc/arm-none-eabi/8.3.1/../../../../arm-none-eabi/lib/thumb/v6-m/nofp\libc_nano.a(lib_a-wbuf.o)
 .ARM.attributes
                0x000004fe       0x2c c:/nxp/mcuxpressoide_11.1.0_3209/ide/plugins/com.nxp.mcuxpresso.tools.win32_11.1.0.201909161352/tools/bin/../lib/gcc/arm-none-eabi/8.3.1/../../../../arm-none-eabi/lib/thumb/v6-m/nofp\libc_nano.a(lib_a-writer.o)
 .ARM.attributes
                0x0000052a       0x2c c:/nxp/mcuxpressoide_11.1.0_3209/ide/plugins/com.nxp.mcuxpresso.tools.win32_11.1.0.201909161352/tools/bin/../lib/gcc/arm-none-eabi/8.3.1/../../../../arm-none-eabi/lib/thumb/v6-m/nofp\libc_nano.a(lib_a-wsetup.o)
 .ARM.attributes
                0x00000556       0x2c c:/nxp/mcuxpressoide_11.1.0_3209/ide/plugins/com.nxp.mcuxpresso.tools.win32_11.1.0.201909161352/tools/bin/../lib/gcc/arm-none-eabi/8.3.1/../../../../arm-none-eabi/lib/thumb/v6-m/nofp\libc_nano.a(lib_a-closer.o)
 .ARM.attributes
                0x00000582       0x2c c:/nxp/mcuxpressoide_11.1.0_3209/ide/plugins/com.nxp.mcuxpresso.tools.win32_11.1.0.201909161352/tools/bin/../lib/gcc/arm-none-eabi/8.3.1/../../../../arm-none-eabi/lib/thumb/v6-m/nofp\libc_nano.a(lib_a-fflush.o)
 .ARM.attributes
                0x000005ae       0x2c c:/nxp/mcuxpressoide_11.1.0_3209/ide/plugins/com.nxp.mcuxpresso.tools.win32_11.1.0.201909161352/tools/bin/../lib/gcc/arm-none-eabi/8.3.1/../../../../arm-none-eabi/lib/thumb/v6-m/nofp\libc_nano.a(lib_a-lseekr.o)
 .ARM.attributes
                0x000005da       0x2c c:/nxp/mcuxpressoide_11.1.0_3209/ide/plugins/com.nxp.mcuxpresso.tools.win32_11.1.0.201909161352/tools/bin/../lib/gcc/arm-none-eabi/8.3.1/../../../../arm-none-eabi/lib/thumb/v6-m/nofp\libc_nano.a(lib_a-makebuf.o)
 .ARM.attributes
                0x00000606       0x2c c:/nxp/mcuxpressoide_11.1.0_3209/ide/plugins/com.nxp.mcuxpresso.tools.win32_11.1.0.201909161352/tools/bin/../lib/gcc/arm-none-eabi/8.3.1/../../../../arm-none-eabi/lib/thumb/v6-m/nofp\libc_nano.a(lib_a-memchr-stub.o)
 .ARM.attributes
                0x00000632       0x2c c:/nxp/mcuxpressoide_11.1.0_3209/ide/plugins/com.nxp.mcuxpresso.tools.win32_11.1.0.201909161352/tools/bin/../lib/gcc/arm-none-eabi/8.3.1/../../../../arm-none-eabi/lib/thumb/v6-m/nofp\libc_nano.a(lib_a-mlock.o)
 .ARM.attributes
                0x0000065e       0x2c c:/nxp/mcuxpressoide_11.1.0_3209/ide/plugins/com.nxp.mcuxpresso.tools.win32_11.1.0.201909161352/tools/bin/../lib/gcc/arm-none-eabi/8.3.1/../../../../arm-none-eabi/lib/thumb/v6-m/nofp\libc_nano.a(lib_a-nano-freer.o)
 .ARM.attributes
                0x0000068a       0x2c c:/nxp/mcuxpressoide_11.1.0_3209/ide/plugins/com.nxp.mcuxpresso.tools.win32_11.1.0.201909161352/tools/bin/../lib/gcc/arm-none-eabi/8.3.1/../../../../arm-none-eabi/lib/thumb/v6-m/nofp\libc_nano.a(lib_a-readr.o)
 .ARM.attributes
                0x000006b6       0x2c c:/nxp/mcuxpressoide_11.1.0_3209/ide/plugins/com.nxp.mcuxpresso.tools.win32_11.1.0.201909161352/tools/bin/../lib/gcc/arm-none-eabi/8.3.1/../../../../arm-none-eabi/lib/thumb/v6-m/nofp\libc_nano.a(lib_a-reent.o)
 .ARM.attributes
                0x000006e2       0x2c c:/nxp/mcuxpressoide_11.1.0_3209/ide/plugins/com.nxp.mcuxpresso.tools.win32_11.1.0.201909161352/tools/bin/../lib/gcc/arm-none-eabi/8.3.1/../../../../arm-none-eabi/lib/thumb/v6-m/nofp\libc_nano.a(lib_a-fstatr.o)
 .ARM.attributes
                0x0000070e       0x2c c:/nxp/mcuxpressoide_11.1.0_3209/ide/plugins/com.nxp.mcuxpresso.tools.win32_11.1.0.201909161352/tools/bin/../lib/gcc/arm-none-eabi/8.3.1/../../../../arm-none-eabi/lib/thumb/v6-m/nofp\libc_nano.a(lib_a-isattyr.o)
 .ARM.attributes
                0x0000073a       0x2c c:/nxp/mcuxpressoide_11.1.0_3209/ide/plugins/com.nxp.mcuxpresso.tools.win32_11.1.0.201909161352/tools/bin/../lib/gcc/arm-none-eabi/8.3.1/../../../../arm-none-eabi/lib/thumb/v6-m/nofp\libcr_newlib_semihost.a(_cr_sbrk.o)
 .ARM.attributes
                0x00000766       0x2c c:/nxp/mcuxpressoide_11.1.0_3209/ide/plugins/com.nxp.mcuxpresso.tools.win32_11.1.0.201909161352/tools/bin/../lib/gcc/arm-none-eabi/8.3.1/../../../../arm-none-eabi/lib/thumb/v6-m/nofp\libcr_newlib_semihost.a(syscalls.o)
 .ARM.attributes
                0x00000792       0x2c c:/nxp/mcuxpressoide_11.1.0_3209/ide/plugins/com.nxp.mcuxpresso.tools.win32_11.1.0.201909161352/tools/bin/../lib/gcc/arm-none-eabi/8.3.1/../../../../arm-none-eabi/lib/thumb/v6-m/nofp\libcr_newlib_semihost.a(_cr_check_heap.o)
 .ARM.attributes
                0x000007be       0x1e c:/nxp/mcuxpressoide_11.1.0_3209/ide/plugins/com.nxp.mcuxpresso.tools.win32_11.1.0.201909161352/tools/bin/../lib/gcc/arm-none-eabi/8.3.1/thumb/v6-m/nofp\crti.o
 .ARM.attributes
                0x000007dc       0x1e c:/nxp/mcuxpressoide_11.1.0_3209/ide/plugins/com.nxp.mcuxpresso.tools.win32_11.1.0.201909161352/tools/bin/../lib/gcc/arm-none-eabi/8.3.1/thumb/v6-m/nofp\crtn.o
 .ARM.attributes
                0x000007fa       0x2c c:/nxp/mcuxpressoide_11.1.0_3209/ide/plugins/com.nxp.mcuxpresso.tools.win32_11.1.0.201909161352/tools/bin/../lib/gcc/arm-none-eabi/8.3.1/thumb/v6-m/nofp\crtbegin.o
 .ARM.attributes
                0x00000826       0x2c c:/nxp/mcuxpressoide_11.1.0_3209/ide/plugins/com.nxp.mcuxpresso.tools.win32_11.1.0.201909161352/tools/bin/../lib/gcc/arm-none-eabi/8.3.1/../../../../arm-none-eabi/lib/thumb/v6-m/nofp\libc_nano.a(lib_a-errno.o)

.debug_frame    0x00000000     0x2e54
 .debug_frame   0x00000000      0x3b0 ./startup/startup_mkl25z4.o
 .debug_frame   0x000003b0      0x290 ./source/Callback.o
 .debug_frame   0x00000640      0x410 ./source/TM1637Display.o
 .debug_frame   0x00000a50      0x210 ./source/main.o
 .debug_frame   0x00000c60      0x310 ./source/mkl_DevGPIO.o
 .debug_frame   0x00000f70       0x90 ./drivers/fsl_common.o
 .debug_frame   0x00001000      0x2e0 ./drivers/fsl_dma.o
 .debug_frame   0x000012e0      0x58c ./drivers/fsl_i2c.o
 .debug_frame   0x0000186c      0x418 ./drivers/fsl_lpsci.o
 .debug_frame   0x00001c84      0x470 ./drivers/fsl_spi.o
 .debug_frame   0x000020f4      0x468 ./drivers/fsl_uart.o
 .debug_frame   0x0000255c       0x4c ./CMSIS/system_MKL25Z4.o
 .debug_frame   0x000025a8       0x20 c:/nxp/mcuxpressoide_11.1.0_3209/ide/plugins/com.nxp.mcuxpresso.tools.win32_11.1.0.201909161352/tools/bin/../lib/gcc/arm-none-eabi/8.3.1/thumb/v6-m/nofp\libgcc.a(_udivsi3.o)
 .debug_frame   0x000025c8       0x20 c:/nxp/mcuxpressoide_11.1.0_3209/ide/plugins/com.nxp.mcuxpresso.tools.win32_11.1.0.201909161352/tools/bin/../lib/gcc/arm-none-eabi/8.3.1/thumb/v6-m/nofp\libgcc.a(_divsi3.o)
 .debug_frame   0x000025e8       0x28 c:/nxp/mcuxpressoide_11.1.0_3209/ide/plugins/com.nxp.mcuxpresso.tools.win32_11.1.0.201909161352/tools/bin/../lib/gcc/arm-none-eabi/8.3.1/../../../../arm-none-eabi/lib/thumb/v6-m/nofp\libc_nano.a(lib_a-aeabi_atexit.o)
 .debug_frame   0x00002610       0x28 c:/nxp/mcuxpressoide_11.1.0_3209/ide/plugins/com.nxp.mcuxpresso.tools.win32_11.1.0.201909161352/tools/bin/../lib/gcc/arm-none-eabi/8.3.1/../../../../arm-none-eabi/lib/thumb/v6-m/nofp\libc_nano.a(lib_a-cxa_atexit.o)
 .debug_frame   0x00002638       0x2c c:/nxp/mcuxpressoide_11.1.0_3209/ide/plugins/com.nxp.mcuxpresso.tools.win32_11.1.0.201909161352/tools/bin/../lib/gcc/arm-none-eabi/8.3.1/../../../../arm-none-eabi/lib/thumb/v6-m/nofp\libc_nano.a(lib_a-init.o)
 .debug_frame   0x00002664       0x20 c:/nxp/mcuxpressoide_11.1.0_3209/ide/plugins/com.nxp.mcuxpresso.tools.win32_11.1.0.201909161352/tools/bin/../lib/gcc/arm-none-eabi/8.3.1/../../../../arm-none-eabi/lib/thumb/v6-m/nofp\libc_nano.a(lib_a-memset.o)
 .debug_frame   0x00002684       0x50 c:/nxp/mcuxpressoide_11.1.0_3209/ide/plugins/com.nxp.mcuxpresso.tools.win32_11.1.0.201909161352/tools/bin/../lib/gcc/arm-none-eabi/8.3.1/../../../../arm-none-eabi/lib/thumb/v6-m/nofp\libc_nano.a(lib_a-printf.o)
 .debug_frame   0x000026d4      0x170 c:/nxp/mcuxpressoide_11.1.0_3209/ide/plugins/com.nxp.mcuxpresso.tools.win32_11.1.0.201909161352/tools/bin/../lib/gcc/arm-none-eabi/8.3.1/../../../../arm-none-eabi/lib/thumb/v6-m/nofp\libc_nano.a(lib_a-findfp.o)
 .debug_frame   0x00002844       0x58 c:/nxp/mcuxpressoide_11.1.0_3209/ide/plugins/com.nxp.mcuxpresso.tools.win32_11.1.0.201909161352/tools/bin/../lib/gcc/arm-none-eabi/8.3.1/../../../../arm-none-eabi/lib/thumb/v6-m/nofp\libc_nano.a(lib_a-fwalk.o)
 .debug_frame   0x0000289c       0xb0 c:/nxp/mcuxpressoide_11.1.0_3209/ide/plugins/com.nxp.mcuxpresso.tools.win32_11.1.0.201909161352/tools/bin/../lib/gcc/arm-none-eabi/8.3.1/../../../../arm-none-eabi/lib/thumb/v6-m/nofp\libc_nano.a(lib_a-lock.o)
 .debug_frame   0x0000294c       0x30 c:/nxp/mcuxpressoide_11.1.0_3209/ide/plugins/com.nxp.mcuxpresso.tools.win32_11.1.0.201909161352/tools/bin/../lib/gcc/arm-none-eabi/8.3.1/../../../../arm-none-eabi/lib/thumb/v6-m/nofp\libc_nano.a(lib_a-nano-mallocr.o)
 .debug_frame   0x0000297c       0x9c c:/nxp/mcuxpressoide_11.1.0_3209/ide/plugins/com.nxp.mcuxpresso.tools.win32_11.1.0.201909161352/tools/bin/../lib/gcc/arm-none-eabi/8.3.1/../../../../arm-none-eabi/lib/thumb/v6-m/nofp\libc_nano.a(lib_a-nano-vfprintf.o)
 .debug_frame   0x00002a18       0x54 c:/nxp/mcuxpressoide_11.1.0_3209/ide/plugins/com.nxp.mcuxpresso.tools.win32_11.1.0.201909161352/tools/bin/../lib/gcc/arm-none-eabi/8.3.1/../../../../arm-none-eabi/lib/thumb/v6-m/nofp\libc_nano.a(lib_a-nano-vfprintf_i.o)
 .debug_frame   0x00002a6c       0x2c c:/nxp/mcuxpressoide_11.1.0_3209/ide/plugins/com.nxp.mcuxpresso.tools.win32_11.1.0.201909161352/tools/bin/../lib/gcc/arm-none-eabi/8.3.1/../../../../arm-none-eabi/lib/thumb/v6-m/nofp\libc_nano.a(lib_a-sbrkr.o)
 .debug_frame   0x00002a98       0x90 c:/nxp/mcuxpressoide_11.1.0_3209/ide/plugins/com.nxp.mcuxpresso.tools.win32_11.1.0.201909161352/tools/bin/../lib/gcc/arm-none-eabi/8.3.1/../../../../arm-none-eabi/lib/thumb/v6-m/nofp\libc_nano.a(lib_a-stdio.o)
 .debug_frame   0x00002b28       0x48 c:/nxp/mcuxpressoide_11.1.0_3209/ide/plugins/com.nxp.mcuxpresso.tools.win32_11.1.0.201909161352/tools/bin/../lib/gcc/arm-none-eabi/8.3.1/../../../../arm-none-eabi/lib/thumb/v6-m/nofp\libc_nano.a(lib_a-wbuf.o)
 .debug_frame   0x00002b70       0x2c c:/nxp/mcuxpressoide_11.1.0_3209/ide/plugins/com.nxp.mcuxpresso.tools.win32_11.1.0.201909161352/tools/bin/../lib/gcc/arm-none-eabi/8.3.1/../../../../arm-none-eabi/lib/thumb/v6-m/nofp\libc_nano.a(lib_a-writer.o)
 .debug_frame   0x00002b9c       0x2c c:/nxp/mcuxpressoide_11.1.0_3209/ide/plugins/com.nxp.mcuxpresso.tools.win32_11.1.0.201909161352/tools/bin/../lib/gcc/arm-none-eabi/8.3.1/../../../../arm-none-eabi/lib/thumb/v6-m/nofp\libc_nano.a(lib_a-wsetup.o)
 .debug_frame   0x00002bc8       0x2c c:/nxp/mcuxpressoide_11.1.0_3209/ide/plugins/com.nxp.mcuxpresso.tools.win32_11.1.0.201909161352/tools/bin/../lib/gcc/arm-none-eabi/8.3.1/../../../../arm-none-eabi/lib/thumb/v6-m/nofp\libc_nano.a(lib_a-closer.o)
 .debug_frame   0x00002bf4       0x68 c:/nxp/mcuxpressoide_11.1.0_3209/ide/plugins/com.nxp.mcuxpresso.tools.win32_11.1.0.201909161352/tools/bin/../lib/gcc/arm-none-eabi/8.3.1/../../../../arm-none-eabi/lib/thumb/v6-m/nofp\libc_nano.a(lib_a-fflush.o)
 .debug_frame   0x00002c5c       0x2c c:/nxp/mcuxpressoide_11.1.0_3209/ide/plugins/com.nxp.mcuxpresso.tools.win32_11.1.0.201909161352/tools/bin/../lib/gcc/arm-none-eabi/8.3.1/../../../../arm-none-eabi/lib/thumb/v6-m/nofp\libc_nano.a(lib_a-lseekr.o)
 .debug_frame   0x00002c88       0x54 c:/nxp/mcuxpressoide_11.1.0_3209/ide/plugins/com.nxp.mcuxpresso.tools.win32_11.1.0.201909161352/tools/bin/../lib/gcc/arm-none-eabi/8.3.1/../../../../arm-none-eabi/lib/thumb/v6-m/nofp\libc_nano.a(lib_a-makebuf.o)
 .debug_frame   0x00002cdc       0x20 c:/nxp/mcuxpressoide_11.1.0_3209/ide/plugins/com.nxp.mcuxpresso.tools.win32_11.1.0.201909161352/tools/bin/../lib/gcc/arm-none-eabi/8.3.1/../../../../arm-none-eabi/lib/thumb/v6-m/nofp\libc_nano.a(lib_a-memchr-stub.o)
 .debug_frame   0x00002cfc       0x40 c:/nxp/mcuxpressoide_11.1.0_3209/ide/plugins/com.nxp.mcuxpresso.tools.win32_11.1.0.201909161352/tools/bin/../lib/gcc/arm-none-eabi/8.3.1/../../../../arm-none-eabi/lib/thumb/v6-m/nofp\libc_nano.a(lib_a-mlock.o)
 .debug_frame   0x00002d3c       0x2c c:/nxp/mcuxpressoide_11.1.0_3209/ide/plugins/com.nxp.mcuxpresso.tools.win32_11.1.0.201909161352/tools/bin/../lib/gcc/arm-none-eabi/8.3.1/../../../../arm-none-eabi/lib/thumb/v6-m/nofp\libc_nano.a(lib_a-nano-freer.o)
 .debug_frame   0x00002d68       0x2c c:/nxp/mcuxpressoide_11.1.0_3209/ide/plugins/com.nxp.mcuxpresso.tools.win32_11.1.0.201909161352/tools/bin/../lib/gcc/arm-none-eabi/8.3.1/../../../../arm-none-eabi/lib/thumb/v6-m/nofp\libc_nano.a(lib_a-readr.o)
 .debug_frame   0x00002d94       0x48 c:/nxp/mcuxpressoide_11.1.0_3209/ide/plugins/com.nxp.mcuxpresso.tools.win32_11.1.0.201909161352/tools/bin/../lib/gcc/arm-none-eabi/8.3.1/../../../../arm-none-eabi/lib/thumb/v6-m/nofp\libc_nano.a(lib_a-reent.o)
 .debug_frame   0x00002ddc       0x2c c:/nxp/mcuxpressoide_11.1.0_3209/ide/plugins/com.nxp.mcuxpresso.tools.win32_11.1.0.201909161352/tools/bin/../lib/gcc/arm-none-eabi/8.3.1/../../../../arm-none-eabi/lib/thumb/v6-m/nofp\libc_nano.a(lib_a-fstatr.o)
 .debug_frame   0x00002e08       0x2c c:/nxp/mcuxpressoide_11.1.0_3209/ide/plugins/com.nxp.mcuxpresso.tools.win32_11.1.0.201909161352/tools/bin/../lib/gcc/arm-none-eabi/8.3.1/../../../../arm-none-eabi/lib/thumb/v6-m/nofp\libc_nano.a(lib_a-isattyr.o)
 .debug_frame   0x00002e34       0x20 c:/nxp/mcuxpressoide_11.1.0_3209/ide/plugins/com.nxp.mcuxpresso.tools.win32_11.1.0.201909161352/tools/bin/../lib/gcc/arm-none-eabi/8.3.1/../../../../arm-none-eabi/lib/thumb/v6-m/nofp\libc_nano.a(lib_a-errno.o)

Cross Reference Table

Symbol                                            File
ADC0_DriverIRQHandler                             ./startup/startup_mkl25z4.o
ADC0_IRQHandler                                   ./startup/startup_mkl25z4.o
ADC16_ClearStatusFlags                            ./drivers/fsl_adc16.o
ADC16_Deinit                                      ./drivers/fsl_adc16.o
ADC16_DoAutoCalibration                           ./drivers/fsl_adc16.o
ADC16_GetChannelStatusFlags                       ./drivers/fsl_adc16.o
ADC16_GetDefaultConfig                            ./drivers/fsl_adc16.o
ADC16_GetStatusFlags                              ./drivers/fsl_adc16.o
ADC16_Init                                        ./drivers/fsl_adc16.o
ADC16_SetChannelConfig                            ./drivers/fsl_adc16.o
ADC16_SetChannelMuxMode                           ./drivers/fsl_adc16.o
ADC16_SetHardwareAverage                          ./drivers/fsl_adc16.o