gthr-default.h:229:1:int __gthread_key_delete(__gthread_key_t)	16	static
std_function.h:252:5:std::_Function_base::_Function_base()	16	static
std_function.h:254:5:std::_Function_base::~_Function_base()	16	static
std_function.h:260:10:bool std::_Function_base::_M_empty() const	16	static
Callback.cpp:10:6:void Callback::attach(std::function<void()>)	16	static
Callback.cpp:14:6:void Callback::detach()	16	static
Callback.cpp:18:6:bool Callback::exec()	16	static
std_function.h:370:11:std::function<void()>::~function()	16	static
std_function.h:461:7:)>&) [with _Res = void; _ArgTypes = {}]	40	static
std_function.h:493:7:)>::operator=(std::nullptr_t) [with _Res = void; _ArgTypes = {}]	16	static
std_function.h:563:16:)>::operator bool() const [with _Res = void; _ArgTypes = {}]	16	static
std_function.h:682:5:) const [with _Res = void; _ArgTypes = {}]	16	static
std_function.h:652:5:)>&) [with _Res = void; _ArgTypes = {}]	16	static
std_function.h:546:12:)>&) [with _Res = void; _ArgTypes = {}]	16	static
move.h:99:5:constexpr typename std::remove_reference<_Tp>::type&& std::move(_Tp&&) [with _Tp = std::_Any_data&]	16	static
move.h:182:5:typename std::enable_if<std::__and_<std::__not_<std::__is_tuple_like<_Tp> >, std::is_move_constructible<_Tp>, std::is_move_assignable<_Tp> >::value>::type std::swap(_Tp&, _Tp&) [with _Tp = std::_Any_data]	32	static
move.h:99:5:constexpr typename std::remove_reference<_Tp>::type&& std::move(_Tp&&) [with _Tp = bool (*&)(std::_Any_data&, const std::_Any_data&, std::_Manager_operation)]	16	static
move.h:182:5:typename std::enable_if<std::__and_<std::__not_<std::__is_tuple_like<_Tp> >, std::is_move_constructible<_Tp>, std::is_move_assignable<_Tp> >::value>::type std::swap(_Tp&, _Tp&) [with _Tp = bool (*)(std::_Any_data&, const std::_Any_data&, std::_Manager_operation)]	24	static
move.h:99:5:constexpr typename std::remove_reference<_Tp>::type&& std::move(_Tp&&) [with _Tp = void (*&)(const std::_Any_data&)]	16	static
move.h:182:5:typename std::enable_if<std::__and_<std::__not_<std::__is_tuple_like<_Tp> >, std::is_move_constructible<_Tp>, std::is_move_assignable<_Tp> >::value>::type std::swap(_Tp&, _Tp&) [with _Tp = void (*)(const std::_Any_data&)]	24	static
