gthr-default.h:229:1:int __gthread_key_delete(__gthread_key_t)	16	static
std_function.h:252:5:std::_Function_base::_Function_base()	16	static
std_function.h:254:5:std::_Function_base::~_Function_base()	16	static
std_function.h:260:10:bool std::_Function_base::_M_empty() const	16	static
std_function.h:370:11:std::function<void()>::~function()	16	static
Callback.h:13:7:Callback::Callback(const Callback&)	16	static
Callback.h:13:7:Callback::~Callback()	16	static
mkl_DevGPIO.h:136:7:mkl_DevGPIO::mkl_DevGPIO(const mkl_DevGPIO&)	16	static
mkl_DevGPIO.h:136:7:mkl_DevGPIO::~mkl_DevGPIO()	16	static
main.cpp:64:6:void delayms(unsigned int)	24	static
main.cpp:73:6:void setup()	8	static
main.cpp:88:5:int main()	16	static
std_function.h:652:5:)>&) [with _Res = void; _ArgTypes = {}]	16	static
std_function.h:563:16:)>::operator bool() const [with _Res = void; _ArgTypes = {}]	16	static
TM1637Display.h:103:7:TM1637Display::~TM1637Display()	16	static
main.cpp:103:1:void __static_initialization_and_destruction_0(int, int)	136	static
main.cpp:103:1:cpp)	8	static
