gthr-default.h:229:1:int __gthread_key_delete(__gthread_key_t)	16	static
std_function.h:252:5:std::_Function_base::_Function_base()	16	static
std_function.h:254:5:std::_Function_base::~_Function_base()	16	static
std_function.h:260:10:bool std::_Function_base::_M_empty() const	16	static
std_function.h:370:11:std::function<void()>::~function()	16	static
Callback.h:13:7:Callback& Callback::operator=(const Callback&)	16	static
mkl_DevGPIO.h:136:7:mkl_DevGPIO& mkl_DevGPIO::operator=(const mkl_DevGPIO&)	16	static
TM1637Display.cpp:90:1:TM1637Display::TM1637Display(mkl_DevGPIO, mkl_DevGPIO)	24	static
TM1637Display.cpp:107:6:void TM1637Display::setBrightness(uint8_t, bool)	16	static
TM1637Display.cpp:112:6:void TM1637Display::setSegments(const uint8_t*, digitPosition)	40	static
TM1637Display.cpp:131:6:void TM1637Display::setSegments(const uint8_t*, digitPosition, numLength)	40	static
TM1637Display.cpp:151:6:void TM1637Display::clear()	32	static
TM1637Display.cpp:158:6:void TM1637Display::ligthSegments()	24	static
TM1637Display.cpp:166:6:void TM1637Display::setDigitMode(leadingZero)	16	static
TM1637Display.cpp:170:6:void TM1637Display::setLength(numLength)	16	static
TM1637Display.cpp:174:6:void TM1637Display::setDoubleDots(bool)	16	static
TM1637Display.cpp:179:6:void TM1637Display::write(int, digitPosition)	40	static
TM1637Display.cpp:184:6:void TM1637Display::write(int, digitPosition, leadingZero, numLength)	40	static
TM1637Display.cpp:190:6:void TM1637Display::writeWithDots(int, digitPosition)	56	static
TM1637Display.cpp:195:6:void TM1637Display::writeWithDots(int, digitPosition, twoDots, leadingZero, numLength)	48	static
TM1637Display.cpp:201:6:void TM1637Display::writeHexadecimal(uint16_t, digitPosition)	40	static
TM1637Display.cpp:206:6:void TM1637Display::writeHexadecimal(uint16_t, digitPosition, twoDots, leadingZero, numLength)	40	static
TM1637Display.cpp:212:6:void TM1637Display::showNumberBaseEx(int8_t, uint16_t, twoDots, leadingZero, numLength, digitPosition)	40	static
TM1637Display.cpp:257:6:void TM1637Display::fastDelay()	24	static
TM1637Display.cpp:266:6:void TM1637Display::start()	16	static
TM1637Display.cpp:272:6:void TM1637Display::stop()	16	static
TM1637Display.cpp:282:6:bool TM1637Display::writeByte(uint8_t)	24	static
TM1637Display.cpp:324:6:void TM1637Display::writeDots(uint8_t, uint8_t*)	40	static
TM1637Display.cpp:333:9:uint8_t TM1637Display::encodeDigit(uint8_t)	16	static
std_function.h:461:7:)>&) [with _Res = void; _ArgTypes = {}]	40	static
std_function.h:652:5:)>&) [with _Res = void; _ArgTypes = {}]	16	static
std_function.h:546:12:)>&) [with _Res = void; _ArgTypes = {}]	16	static
std_function.h:563:16:)>::operator bool() const [with _Res = void; _ArgTypes = {}]	16	static
move.h:99:5:constexpr typename std::remove_reference<_Tp>::type&& std::move(_Tp&&) [with _Tp = std::_Any_data&]	16	static
move.h:182:5:typename std::enable_if<std::__and_<std::__not_<std::__is_tuple_like<_Tp> >, std::is_move_constructible<_Tp>, std::is_move_assignable<_Tp> >::value>::type std::swap(_Tp&, _Tp&) [with _Tp = std::_Any_data]	32	static
move.h:99:5:constexpr typename std::remove_reference<_Tp>::type&& std::move(_Tp&&) [with _Tp = bool (*&)(std::_Any_data&, const std::_Any_data&, std::_Manager_operation)]	16	static
move.h:182:5:typename std::enable_if<std::__and_<std::__not_<std::__is_tuple_like<_Tp> >, std::is_move_constructible<_Tp>, std::is_move_assignable<_Tp> >::value>::type std::swap(_Tp&, _Tp&) [with _Tp = bool (*)(std::_Any_data&, const std::_Any_data&, std::_Manager_operation)]	24	static
move.h:99:5:constexpr typename std::remove_reference<_Tp>::type&& std::move(_Tp&&) [with _Tp = void (*&)(const std::_Any_data&)]	16	static
move.h:182:5:typename std::enable_if<std::__and_<std::__not_<std::__is_tuple_like<_Tp> >, std::is_move_constructible<_Tp>, std::is_move_assignable<_Tp> >::value>::type std::swap(_Tp&, _Tp&) [with _Tp = void (*)(const std::_Any_data&)]	24	static
